[96msrc/components/trading/TradingViewChart.tsx[0m:[93m4044[0m:[93m7[0m - [91merror[0m[90m TS1005: [0m')' expected.

[7m4044[0m       </div>
[7m    [0m [91m      ~~[0m

C:/Users/Zak/Downloads/Highlights/bloomberg-terminal/node_modules/typescript/lib/lib.es5.d.ts
C:/Users/Zak/Downloads/Highlights/bloomberg-terminal/node_modules/typescript/lib/lib.es2015.d.ts
C:/Users/Zak/Downloads/Highlights/bloomberg-terminal/node_modules/typescript/lib/lib.es2016.d.ts
C:/Users/Zak/Downloads/Highlights/bloomberg-terminal/node_modules/typescript/lib/lib.es2017.d.ts
C:/Users/Zak/Downloads/Highlights/bloomberg-terminal/node_modules/typescript/lib/lib.es2018.d.ts
C:/Users/Zak/Downloads/Highlights/bloomberg-terminal/node_modules/typescript/lib/lib.es2019.d.ts
C:/Users/Zak/Downloads/Highlights/bloomberg-terminal/node_modules/typescript/lib/lib.es2020.d.ts
C:/Users/Zak/Downloads/Highlights/bloomberg-terminal/node_modules/typescript/lib/lib.es2021.d.ts
C:/Users/Zak/Downloads/Highlights/bloomberg-terminal/node_modules/typescript/lib/lib.es2022.d.ts
C:/Users/Zak/Downloads/Highlights/bloomberg-terminal/node_modules/typescript/lib/lib.es2023.d.ts
C:/Users/Zak/Downloads/Highlights/bloomberg-terminal/node_modules/typescript/lib/lib.es2024.d.ts
C:/Users/Zak/Downloads/Highlights/bloomberg-terminal/node_modules/typescript/lib/lib.esnext.d.ts
C:/Users/Zak/Downloads/Highlights/bloomberg-terminal/node_modules/typescript/lib/lib.dom.d.ts
C:/Users/Zak/Downloads/Highlights/bloomberg-terminal/node_modules/typescript/lib/lib.dom.iterable.d.ts
C:/Users/Zak/Downloads/Highlights/bloomberg-terminal/node_modules/typescript/lib/lib.es2015.core.d.ts
C:/Users/Zak/Downloads/Highlights/bloomberg-terminal/node_modules/typescript/lib/lib.es2015.collection.d.ts
C:/Users/Zak/Downloads/Highlights/bloomberg-terminal/node_modules/typescript/lib/lib.es2015.generator.d.ts
C:/Users/Zak/Downloads/Highlights/bloomberg-terminal/node_modules/typescript/lib/lib.es2015.iterable.d.ts
C:/Users/Zak/Downloads/Highlights/bloomberg-terminal/node_modules/typescript/lib/lib.es2015.promise.d.ts
C:/Users/Zak/Downloads/Highlights/bloomberg-terminal/node_modules/typescript/lib/lib.es2015.proxy.d.ts
C:/Users/Zak/Downloads/Highlights/bloomberg-terminal/node_modules/typescript/lib/lib.es2015.reflect.d.ts
C:/Users/Zak/Downloads/Highlights/bloomberg-terminal/node_modules/typescript/lib/lib.es2015.symbol.d.ts
C:/Users/Zak/Downloads/Highlights/bloomberg-terminal/node_modules/typescript/lib/lib.es2015.symbol.wellknown.d.ts
C:/Users/Zak/Downloads/Highlights/bloomberg-terminal/node_modules/typescript/lib/lib.es2016.array.include.d.ts
C:/Users/Zak/Downloads/Highlights/bloomberg-terminal/node_modules/typescript/lib/lib.es2016.intl.d.ts
C:/Users/Zak/Downloads/Highlights/bloomberg-terminal/node_modules/typescript/lib/lib.es2017.arraybuffer.d.ts
C:/Users/Zak/Downloads/Highlights/bloomberg-terminal/node_modules/typescript/lib/lib.es2017.date.d.ts
C:/Users/Zak/Downloads/Highlights/bloomberg-terminal/node_modules/typescript/lib/lib.es2017.object.d.ts
C:/Users/Zak/Downloads/Highlights/bloomberg-terminal/node_modules/typescript/lib/lib.es2017.sharedmemory.d.ts
C:/Users/Zak/Downloads/Highlights/bloomberg-terminal/node_modules/typescript/lib/lib.es2017.string.d.ts
C:/Users/Zak/Downloads/Highlights/bloomberg-terminal/node_modules/typescript/lib/lib.es2017.intl.d.ts
C:/Users/Zak/Downloads/Highlights/bloomberg-terminal/node_modules/typescript/lib/lib.es2017.typedarrays.d.ts
C:/Users/Zak/Downloads/Highlights/bloomberg-terminal/node_modules/typescript/lib/lib.es2018.asyncgenerator.d.ts
C:/Users/Zak/Downloads/Highlights/bloomberg-terminal/node_modules/typescript/lib/lib.es2018.asynciterable.d.ts
C:/Users/Zak/Downloads/Highlights/bloomberg-terminal/node_modules/typescript/lib/lib.es2018.intl.d.ts
C:/Users/Zak/Downloads/Highlights/bloomberg-terminal/node_modules/typescript/lib/lib.es2018.promise.d.ts
C:/Users/Zak/Downloads/Highlights/bloomberg-terminal/node_modules/typescript/lib/lib.es2018.regexp.d.ts
C:/Users/Zak/Downloads/Highlights/bloomberg-terminal/node_modules/typescript/lib/lib.es2019.array.d.ts
C:/Users/Zak/Downloads/Highlights/bloomberg-terminal/node_modules/typescript/lib/lib.es2019.object.d.ts
C:/Users/Zak/Downloads/Highlights/bloomberg-terminal/node_modules/typescript/lib/lib.es2019.string.d.ts
C:/Users/Zak/Downloads/Highlights/bloomberg-terminal/node_modules/typescript/lib/lib.es2019.symbol.d.ts
C:/Users/Zak/Downloads/Highlights/bloomberg-terminal/node_modules/typescript/lib/lib.es2019.intl.d.ts
C:/Users/Zak/Downloads/Highlights/bloomberg-terminal/node_modules/typescript/lib/lib.es2020.bigint.d.ts
C:/Users/Zak/Downloads/Highlights/bloomberg-terminal/node_modules/typescript/lib/lib.es2020.date.d.ts
C:/Users/Zak/Downloads/Highlights/bloomberg-terminal/node_modules/typescript/lib/lib.es2020.promise.d.ts
C:/Users/Zak/Downloads/Highlights/bloomberg-terminal/node_modules/typescript/lib/lib.es2020.sharedmemory.d.ts
C:/Users/Zak/Downloads/Highlights/bloomberg-terminal/node_modules/typescript/lib/lib.es2020.string.d.ts
C:/Users/Zak/Downloads/Highlights/bloomberg-terminal/node_modules/typescript/lib/lib.es2020.symbol.wellknown.d.ts
C:/Users/Zak/Downloads/Highlights/bloomberg-terminal/node_modules/typescript/lib/lib.es2020.intl.d.ts
C:/Users/Zak/Downloads/Highlights/bloomberg-terminal/node_modules/typescript/lib/lib.es2020.number.d.ts
C:/Users/Zak/Downloads/Highlights/bloomberg-terminal/node_modules/typescript/lib/lib.es2021.promise.d.ts
C:/Users/Zak/Downloads/Highlights/bloomberg-terminal/node_modules/typescript/lib/lib.es2021.string.d.ts
C:/Users/Zak/Downloads/Highlights/bloomberg-terminal/node_modules/typescript/lib/lib.es2021.weakref.d.ts
C:/Users/Zak/Downloads/Highlights/bloomberg-terminal/node_modules/typescript/lib/lib.es2021.intl.d.ts
C:/Users/Zak/Downloads/Highlights/bloomberg-terminal/node_modules/typescript/lib/lib.es2022.array.d.ts
C:/Users/Zak/Downloads/Highlights/bloomberg-terminal/node_modules/typescript/lib/lib.es2022.error.d.ts
C:/Users/Zak/Downloads/Highlights/bloomberg-terminal/node_modules/typescript/lib/lib.es2022.intl.d.ts
C:/Users/Zak/Downloads/Highlights/bloomberg-terminal/node_modules/typescript/lib/lib.es2022.object.d.ts
C:/Users/Zak/Downloads/Highlights/bloomberg-terminal/node_modules/typescript/lib/lib.es2022.string.d.ts
C:/Users/Zak/Downloads/Highlights/bloomberg-terminal/node_modules/typescript/lib/lib.es2022.regexp.d.ts
C:/Users/Zak/Downloads/Highlights/bloomberg-terminal/node_modules/typescript/lib/lib.es2023.array.d.ts
C:/Users/Zak/Downloads/Highlights/bloomberg-terminal/node_modules/typescript/lib/lib.es2023.collection.d.ts
C:/Users/Zak/Downloads/Highlights/bloomberg-terminal/node_modules/typescript/lib/lib.es2023.intl.d.ts
C:/Users/Zak/Downloads/Highlights/bloomberg-terminal/node_modules/typescript/lib/lib.es2024.arraybuffer.d.ts
C:/Users/Zak/Downloads/Highlights/bloomberg-terminal/node_modules/typescript/lib/lib.es2024.collection.d.ts
C:/Users/Zak/Downloads/Highlights/bloomberg-terminal/node_modules/typescript/lib/lib.es2024.object.d.ts
C:/Users/Zak/Downloads/Highlights/bloomberg-terminal/node_modules/typescript/lib/lib.es2024.promise.d.ts
C:/Users/Zak/Downloads/Highlights/bloomberg-terminal/node_modules/typescript/lib/lib.es2024.regexp.d.ts
C:/Users/Zak/Downloads/Highlights/bloomberg-terminal/node_modules/typescript/lib/lib.es2024.sharedmemory.d.ts
C:/Users/Zak/Downloads/Highlights/bloomberg-terminal/node_modules/typescript/lib/lib.es2024.string.d.ts
C:/Users/Zak/Downloads/Highlights/bloomberg-terminal/node_modules/typescript/lib/lib.esnext.array.d.ts
C:/Users/Zak/Downloads/Highlights/bloomberg-terminal/node_modules/typescript/lib/lib.esnext.collection.d.ts
C:/Users/Zak/Downloads/Highlights/bloomberg-terminal/node_modules/typescript/lib/lib.esnext.intl.d.ts
C:/Users/Zak/Downloads/Highlights/bloomberg-terminal/node_modules/typescript/lib/lib.esnext.disposable.d.ts
C:/Users/Zak/Downloads/Highlights/bloomberg-terminal/node_modules/typescript/lib/lib.esnext.promise.d.ts
C:/Users/Zak/Downloads/Highlights/bloomberg-terminal/node_modules/typescript/lib/lib.esnext.decorators.d.ts
C:/Users/Zak/Downloads/Highlights/bloomberg-terminal/node_modules/typescript/lib/lib.esnext.iterator.d.ts
C:/Users/Zak/Downloads/Highlights/bloomberg-terminal/node_modules/typescript/lib/lib.esnext.float16.d.ts
C:/Users/Zak/Downloads/Highlights/bloomberg-terminal/node_modules/typescript/lib/lib.esnext.error.d.ts
C:/Users/Zak/Downloads/Highlights/bloomberg-terminal/node_modules/typescript/lib/lib.esnext.sharedmemory.d.ts
C:/Users/Zak/Downloads/Highlights/bloomberg-terminal/node_modules/typescript/lib/lib.decorators.d.ts
C:/Users/Zak/Downloads/Highlights/bloomberg-terminal/node_modules/typescript/lib/lib.decorators.legacy.d.ts
C:/Users/Zak/Downloads/Highlights/bloomberg-terminal/.next/types/routes.d.ts
C:/Users/Zak/Downloads/Highlights/bloomberg-terminal/node_modules/@types/react/global.d.ts
C:/Users/Zak/Downloads/Highlights/bloomberg-terminal/node_modules/csstype/index.d.ts
C:/Users/Zak/Downloads/Highlights/bloomberg-terminal/node_modules/@types/react/index.d.ts
C:/Users/Zak/Downloads/Highlights/bloomberg-terminal/node_modules/next/dist/styled-jsx/types/css.d.ts
C:/Users/Zak/Downloads/Highlights/bloomberg-terminal/node_modules/next/dist/styled-jsx/types/macro.d.ts
C:/Users/Zak/Downloads/Highlights/bloomberg-terminal/node_modules/next/dist/styled-jsx/types/style.d.ts
C:/Users/Zak/Downloads/Highlights/bloomberg-terminal/node_modules/next/dist/styled-jsx/types/global.d.ts
C:/Users/Zak/Downloads/Highlights/bloomberg-terminal/node_modules/next/dist/styled-jsx/types/index.d.ts
C:/Users/Zak/Downloads/Highlights/bloomberg-terminal/node_modules/next/dist/shared/lib/amp.d.ts
C:/Users/Zak/Downloads/Highlights/bloomberg-terminal/node_modules/next/amp.d.ts
C:/Users/Zak/Downloads/Highlights/bloomberg-terminal/node_modules/next/dist/server/get-page-files.d.ts
C:/Users/Zak/Downloads/Highlights/bloomberg-terminal/node_modules/@types/node/compatibility/disposable.d.ts
C:/Users/Zak/Downloads/Highlights/bloomberg-terminal/node_modules/@types/node/compatibility/indexable.d.ts
C:/Users/Zak/Downloads/Highlights/bloomberg-terminal/node_modules/@types/node/compatibility/iterators.d.ts
C:/Users/Zak/Downloads/Highlights/bloomberg-terminal/node_modules/@types/node/compatibility/index.d.ts
C:/Users/Zak/Downloads/Highlights/bloomberg-terminal/node_modules/@types/node/globals.typedarray.d.ts
C:/Users/Zak/Downloads/Highlights/bloomberg-terminal/node_modules/@types/node/buffer.buffer.d.ts
C:/Users/Zak/Downloads/Highlights/bloomberg-terminal/node_modules/buffer/index.d.ts
C:/Users/Zak/Downloads/Highlights/bloomberg-terminal/node_modules/undici-types/header.d.ts
C:/Users/Zak/Downloads/Highlights/bloomberg-terminal/node_modules/undici-types/readable.d.ts
C:/Users/Zak/Downloads/Highlights/bloomberg-terminal/node_modules/undici-types/file.d.ts
C:/Users/Zak/Downloads/Highlights/bloomberg-terminal/node_modules/undici-types/fetch.d.ts
C:/Users/Zak/Downloads/Highlights/bloomberg-terminal/node_modules/undici-types/formdata.d.ts
C:/Users/Zak/Downloads/Highlights/bloomberg-terminal/node_modules/undici-types/connector.d.ts
C:/Users/Zak/Downloads/Highlights/bloomberg-terminal/node_modules/undici-types/client.d.ts
C:/Users/Zak/Downloads/Highlights/bloomberg-terminal/node_modules/undici-types/errors.d.ts
C:/Users/Zak/Downloads/Highlights/bloomberg-terminal/node_modules/undici-types/dispatcher.d.ts
C:/Users/Zak/Downloads/Highlights/bloomberg-terminal/node_modules/undici-types/global-dispatcher.d.ts
C:/Users/Zak/Downloads/Highlights/bloomberg-terminal/node_modules/undici-types/global-origin.d.ts
C:/Users/Zak/Downloads/Highlights/bloomberg-terminal/node_modules/undici-types/pool-stats.d.ts
C:/Users/Zak/Downloads/Highlights/bloomberg-terminal/node_modules/undici-types/pool.d.ts
C:/Users/Zak/Downloads/Highlights/bloomberg-terminal/node_modules/undici-types/handlers.d.ts
C:/Users/Zak/Downloads/Highlights/bloomberg-terminal/node_modules/undici-types/balanced-pool.d.ts
C:/Users/Zak/Downloads/Highlights/bloomberg-terminal/node_modules/undici-types/agent.d.ts
C:/Users/Zak/Downloads/Highlights/bloomberg-terminal/node_modules/undici-types/mock-interceptor.d.ts
C:/Users/Zak/Downloads/Highlights/bloomberg-terminal/node_modules/undici-types/mock-agent.d.ts
C:/Users/Zak/Downloads/Highlights/bloomberg-terminal/node_modules/undici-types/mock-client.d.ts
C:/Users/Zak/Downloads/Highlights/bloomberg-terminal/node_modules/undici-types/mock-pool.d.ts
C:/Users/Zak/Downloads/Highlights/bloomberg-terminal/node_modules/undici-types/mock-errors.d.ts
C:/Users/Zak/Downloads/Highlights/bloomberg-terminal/node_modules/undici-types/proxy-agent.d.ts
C:/Users/Zak/Downloads/Highlights/bloomberg-terminal/node_modules/undici-types/env-http-proxy-agent.d.ts
C:/Users/Zak/Downloads/Highlights/bloomberg-terminal/node_modules/undici-types/retry-handler.d.ts
C:/Users/Zak/Downloads/Highlights/bloomberg-terminal/node_modules/undici-types/retry-agent.d.ts
C:/Users/Zak/Downloads/Highlights/bloomberg-terminal/node_modules/undici-types/api.d.ts
C:/Users/Zak/Downloads/Highlights/bloomberg-terminal/node_modules/undici-types/interceptors.d.ts
C:/Users/Zak/Downloads/Highlights/bloomberg-terminal/node_modules/undici-types/util.d.ts
C:/Users/Zak/Downloads/Highlights/bloomberg-terminal/node_modules/undici-types/cookies.d.ts
C:/Users/Zak/Downloads/Highlights/bloomberg-terminal/node_modules/undici-types/patch.d.ts
C:/Users/Zak/Downloads/Highlights/bloomberg-terminal/node_modules/undici-types/websocket.d.ts
C:/Users/Zak/Downloads/Highlights/bloomberg-terminal/node_modules/undici-types/eventsource.d.ts
C:/Users/Zak/Downloads/Highlights/bloomberg-terminal/node_modules/undici-types/filereader.d.ts
C:/Users/Zak/Downloads/Highlights/bloomberg-terminal/node_modules/undici-types/diagnostics-channel.d.ts
C:/Users/Zak/Downloads/Highlights/bloomberg-terminal/node_modules/undici-types/content-type.d.ts
C:/Users/Zak/Downloads/Highlights/bloomberg-terminal/node_modules/undici-types/cache.d.ts
C:/Users/Zak/Downloads/Highlights/bloomberg-terminal/node_modules/undici-types/index.d.ts
C:/Users/Zak/Downloads/Highlights/bloomberg-terminal/node_modules/@types/node/globals.d.ts
C:/Users/Zak/Downloads/Highlights/bloomberg-terminal/node_modules/@types/node/assert.d.ts
C:/Users/Zak/Downloads/Highlights/bloomberg-terminal/node_modules/@types/node/assert/strict.d.ts
C:/Users/Zak/Downloads/Highlights/bloomberg-terminal/node_modules/@types/node/async_hooks.d.ts
C:/Users/Zak/Downloads/Highlights/bloomberg-terminal/node_modules/@types/node/buffer.d.ts
C:/Users/Zak/Downloads/Highlights/bloomberg-terminal/node_modules/@types/node/child_process.d.ts
C:/Users/Zak/Downloads/Highlights/bloomberg-terminal/node_modules/@types/node/cluster.d.ts
C:/Users/Zak/Downloads/Highlights/bloomberg-terminal/node_modules/@types/node/console.d.ts
C:/Users/Zak/Downloads/Highlights/bloomberg-terminal/node_modules/@types/node/constants.d.ts
C:/Users/Zak/Downloads/Highlights/bloomberg-terminal/node_modules/@types/node/crypto.d.ts
C:/Users/Zak/Downloads/Highlights/bloomberg-terminal/node_modules/@types/node/dgram.d.ts
C:/Users/Zak/Downloads/Highlights/bloomberg-terminal/node_modules/@types/node/diagnostics_channel.d.ts
C:/Users/Zak/Downloads/Highlights/bloomberg-terminal/node_modules/@types/node/dns.d.ts
C:/Users/Zak/Downloads/Highlights/bloomberg-terminal/node_modules/@types/node/dns/promises.d.ts
C:/Users/Zak/Downloads/Highlights/bloomberg-terminal/node_modules/@types/node/domain.d.ts
C:/Users/Zak/Downloads/Highlights/bloomberg-terminal/node_modules/@types/node/dom-events.d.ts
C:/Users/Zak/Downloads/Highlights/bloomberg-terminal/node_modules/@types/node/events.d.ts
C:/Users/Zak/Downloads/Highlights/bloomberg-terminal/node_modules/@types/node/fs.d.ts
C:/Users/Zak/Downloads/Highlights/bloomberg-terminal/node_modules/@types/node/fs/promises.d.ts
C:/Users/Zak/Downloads/Highlights/bloomberg-terminal/node_modules/@types/node/http.d.ts
C:/Users/Zak/Downloads/Highlights/bloomberg-terminal/node_modules/@types/node/http2.d.ts
C:/Users/Zak/Downloads/Highlights/bloomberg-terminal/node_modules/@types/node/https.d.ts
C:/Users/Zak/Downloads/Highlights/bloomberg-terminal/node_modules/@types/node/inspector.d.ts
C:/Users/Zak/Downloads/Highlights/bloomberg-terminal/node_modules/@types/node/module.d.ts
C:/Users/Zak/Downloads/Highlights/bloomberg-terminal/node_modules/@types/node/net.d.ts
C:/Users/Zak/Downloads/Highlights/bloomberg-terminal/node_modules/@types/node/os.d.ts
C:/Users/Zak/Downloads/Highlights/bloomberg-terminal/node_modules/@types/node/path.d.ts
C:/Users/Zak/Downloads/Highlights/bloomberg-terminal/node_modules/@types/node/perf_hooks.d.ts
C:/Users/Zak/Downloads/Highlights/bloomberg-terminal/node_modules/@types/node/process.d.ts
C:/Users/Zak/Downloads/Highlights/bloomberg-terminal/node_modules/@types/node/punycode.d.ts
C:/Users/Zak/Downloads/Highlights/bloomberg-terminal/node_modules/@types/node/querystring.d.ts
C:/Users/Zak/Downloads/Highlights/bloomberg-terminal/node_modules/@types/node/readline.d.ts
C:/Users/Zak/Downloads/Highlights/bloomberg-terminal/node_modules/@types/node/readline/promises.d.ts
C:/Users/Zak/Downloads/Highlights/bloomberg-terminal/node_modules/@types/node/repl.d.ts
C:/Users/Zak/Downloads/Highlights/bloomberg-terminal/node_modules/@types/node/sea.d.ts
C:/Users/Zak/Downloads/Highlights/bloomberg-terminal/node_modules/@types/node/stream.d.ts
C:/Users/Zak/Downloads/Highlights/bloomberg-terminal/node_modules/@types/node/stream/promises.d.ts
C:/Users/Zak/Downloads/Highlights/bloomberg-terminal/node_modules/@types/node/stream/consumers.d.ts
C:/Users/Zak/Downloads/Highlights/bloomberg-terminal/node_modules/@types/node/stream/web.d.ts
C:/Users/Zak/Downloads/Highlights/bloomberg-terminal/node_modules/@types/node/string_decoder.d.ts
C:/Users/Zak/Downloads/Highlights/bloomberg-terminal/node_modules/@types/node/test.d.ts
C:/Users/Zak/Downloads/Highlights/bloomberg-terminal/node_modules/@types/node/timers.d.ts
C:/Users/Zak/Downloads/Highlights/bloomberg-terminal/node_modules/@types/node/timers/promises.d.ts
C:/Users/Zak/Downloads/Highlights/bloomberg-terminal/node_modules/@types/node/tls.d.ts
C:/Users/Zak/Downloads/Highlights/bloomberg-terminal/node_modules/@types/node/trace_events.d.ts
C:/Users/Zak/Downloads/Highlights/bloomberg-terminal/node_modules/@types/node/tty.d.ts
C:/Users/Zak/Downloads/Highlights/bloomberg-terminal/node_modules/@types/node/url.d.ts
C:/Users/Zak/Downloads/Highlights/bloomberg-terminal/node_modules/@types/node/util.d.ts
C:/Users/Zak/Downloads/Highlights/bloomberg-terminal/node_modules/@types/node/v8.d.ts
C:/Users/Zak/Downloads/Highlights/bloomberg-terminal/node_modules/@types/node/vm.d.ts
C:/Users/Zak/Downloads/Highlights/bloomberg-terminal/node_modules/@types/node/wasi.d.ts
C:/Users/Zak/Downloads/Highlights/bloomberg-terminal/node_modules/@types/node/worker_threads.d.ts
C:/Users/Zak/Downloads/Highlights/bloomberg-terminal/node_modules/@types/node/zlib.d.ts
C:/Users/Zak/Downloads/Highlights/bloomberg-terminal/node_modules/@types/node/index.d.ts
C:/Users/Zak/Downloads/Highlights/bloomberg-terminal/node_modules/@types/react/canary.d.ts
C:/Users/Zak/Downloads/Highlights/bloomberg-terminal/node_modules/@types/react/experimental.d.ts
C:/Users/Zak/Downloads/Highlights/bloomberg-terminal/node_modules/@types/react-dom/index.d.ts
C:/Users/Zak/Downloads/Highlights/bloomberg-terminal/node_modules/@types/react-dom/canary.d.ts
C:/Users/Zak/Downloads/Highlights/bloomberg-terminal/node_modules/@types/react-dom/experimental.d.ts
C:/Users/Zak/Downloads/Highlights/bloomberg-terminal/node_modules/next/dist/lib/fallback.d.ts
C:/Users/Zak/Downloads/Highlights/bloomberg-terminal/node_modules/next/dist/compiled/webpack/webpack.d.ts
C:/Users/Zak/Downloads/Highlights/bloomberg-terminal/node_modules/next/dist/server/config.d.ts
C:/Users/Zak/Downloads/Highlights/bloomberg-terminal/node_modules/next/dist/lib/load-custom-routes.d.ts
C:/Users/Zak/Downloads/Highlights/bloomberg-terminal/node_modules/next/dist/shared/lib/image-config.d.ts
C:/Users/Zak/Downloads/Highlights/bloomberg-terminal/node_modules/next/dist/build/webpack/plugins/subresource-integrity-plugin.d.ts
C:/Users/Zak/Downloads/Highlights/bloomberg-terminal/node_modules/next/dist/server/body-streams.d.ts
C:/Users/Zak/Downloads/Highlights/bloomberg-terminal/node_modules/next/dist/server/lib/cache-control.d.ts
C:/Users/Zak/Downloads/Highlights/bloomberg-terminal/node_modules/next/dist/lib/setup-exception-listeners.d.ts
C:/Users/Zak/Downloads/Highlights/bloomberg-terminal/node_modules/next/dist/lib/worker.d.ts
C:/Users/Zak/Downloads/Highlights/bloomberg-terminal/node_modules/next/dist/lib/constants.d.ts
C:/Users/Zak/Downloads/Highlights/bloomberg-terminal/node_modules/next/dist/client/components/app-router-headers.d.ts
C:/Users/Zak/Downloads/Highlights/bloomberg-terminal/node_modules/next/dist/build/rendering-mode.d.ts
C:/Users/Zak/Downloads/Highlights/bloomberg-terminal/node_modules/next/dist/server/lib/router-utils/build-prefetch-segment-data-route.d.ts
C:/Users/Zak/Downloads/Highlights/bloomberg-terminal/node_modules/next/dist/server/require-hook.d.ts
C:/Users/Zak/Downloads/Highlights/bloomberg-terminal/node_modules/next/dist/server/lib/experimental/ppr.d.ts
C:/Users/Zak/Downloads/Highlights/bloomberg-terminal/node_modules/next/dist/build/webpack/plugins/app-build-manifest-plugin.d.ts
C:/Users/Zak/Downloads/Highlights/bloomberg-terminal/node_modules/next/dist/lib/page-types.d.ts
C:/Users/Zak/Downloads/Highlights/bloomberg-terminal/node_modules/next/dist/build/segment-config/app/app-segment-config.d.ts
C:/Users/Zak/Downloads/Highlights/bloomberg-terminal/node_modules/next/dist/build/segment-config/pages/pages-segment-config.d.ts
C:/Users/Zak/Downloads/Highlights/bloomberg-terminal/node_modules/next/dist/build/analysis/get-page-static-info.d.ts
C:/Users/Zak/Downloads/Highlights/bloomberg-terminal/node_modules/next/dist/build/webpack/loaders/get-module-build-info.d.ts
C:/Users/Zak/Downloads/Highlights/bloomberg-terminal/node_modules/next/dist/build/webpack/plugins/middleware-plugin.d.ts
C:/Users/Zak/Downloads/Highlights/bloomberg-terminal/node_modules/next/dist/server/node-polyfill-crypto.d.ts
C:/Users/Zak/Downloads/Highlights/bloomberg-terminal/node_modules/next/dist/server/node-environment-baseline.d.ts
C:/Users/Zak/Downloads/Highlights/bloomberg-terminal/node_modules/next/dist/server/node-environment-extensions/error-inspect.d.ts
C:/Users/Zak/Downloads/Highlights/bloomberg-terminal/node_modules/next/dist/server/node-environment-extensions/random.d.ts
C:/Users/Zak/Downloads/Highlights/bloomberg-terminal/node_modules/next/dist/server/node-environment-extensions/date.d.ts
C:/Users/Zak/Downloads/Highlights/bloomberg-terminal/node_modules/next/dist/server/node-environment-extensions/web-crypto.d.ts
C:/Users/Zak/Downloads/Highlights/bloomberg-terminal/node_modules/next/dist/server/node-environment-extensions/node-crypto.d.ts
C:/Users/Zak/Downloads/Highlights/bloomberg-terminal/node_modules/next/dist/server/node-environment.d.ts
C:/Users/Zak/Downloads/Highlights/bloomberg-terminal/node_modules/next/dist/build/page-extensions-type.d.ts
C:/Users/Zak/Downloads/Highlights/bloomberg-terminal/node_modules/next/dist/build/webpack/plugins/flight-manifest-plugin.d.ts
C:/Users/Zak/Downloads/Highlights/bloomberg-terminal/node_modules/next/dist/server/instrumentation/types.d.ts
C:/Users/Zak/Downloads/Highlights/bloomberg-terminal/node_modules/next/dist/lib/coalesced-function.d.ts
C:/Users/Zak/Downloads/Highlights/bloomberg-terminal/node_modules/next/dist/shared/lib/router/utils/middleware-route-matcher.d.ts
C:/Users/Zak/Downloads/Highlights/bloomberg-terminal/node_modules/next/dist/server/lib/router-utils/types.d.ts
C:/Users/Zak/Downloads/Highlights/bloomberg-terminal/node_modules/next/dist/shared/lib/modern-browserslist-target.d.ts
C:/Users/Zak/Downloads/Highlights/bloomberg-terminal/node_modules/next/dist/shared/lib/constants.d.ts
C:/Users/Zak/Downloads/Highlights/bloomberg-terminal/node_modules/next/dist/trace/types.d.ts
C:/Users/Zak/Downloads/Highlights/bloomberg-terminal/node_modules/next/dist/trace/trace.d.ts
C:/Users/Zak/Downloads/Highlights/bloomberg-terminal/node_modules/next/dist/trace/shared.d.ts
C:/Users/Zak/Downloads/Highlights/bloomberg-terminal/node_modules/next/dist/trace/index.d.ts
C:/Users/Zak/Downloads/Highlights/bloomberg-terminal/node_modules/next/dist/build/load-jsconfig.d.ts
C:/Users/Zak/Downloads/Highlights/bloomberg-terminal/node_modules/@next/env/dist/index.d.ts
C:/Users/Zak/Downloads/Highlights/bloomberg-terminal/node_modules/next/dist/build/webpack/plugins/telemetry-plugin/use-cache-tracker-utils.d.ts
C:/Users/Zak/Downloads/Highlights/bloomberg-terminal/node_modules/next/dist/build/webpack/plugins/telemetry-plugin/telemetry-plugin.d.ts
C:/Users/Zak/Downloads/Highlights/bloomberg-terminal/node_modules/next/dist/telemetry/storage.d.ts
C:/Users/Zak/Downloads/Highlights/bloomberg-terminal/node_modules/next/dist/build/build-context.d.ts
C:/Users/Zak/Downloads/Highlights/bloomberg-terminal/node_modules/next/dist/shared/lib/bloom-filter.d.ts
C:/Users/Zak/Downloads/Highlights/bloomberg-terminal/node_modules/next/dist/build/webpack-config.d.ts
C:/Users/Zak/Downloads/Highlights/bloomberg-terminal/node_modules/next/dist/server/route-kind.d.ts
C:/Users/Zak/Downloads/Highlights/bloomberg-terminal/node_modules/next/dist/server/route-definitions/route-definition.d.ts
C:/Users/Zak/Downloads/Highlights/bloomberg-terminal/node_modules/next/dist/build/swc/generated-native.d.ts
C:/Users/Zak/Downloads/Highlights/bloomberg-terminal/node_modules/next/dist/build/swc/types.d.ts
C:/Users/Zak/Downloads/Highlights/bloomberg-terminal/node_modules/next/dist/server/dev/parse-version-info.d.ts
C:/Users/Zak/Downloads/Highlights/bloomberg-terminal/node_modules/next/dist/next-devtools/shared/types.d.ts
C:/Users/Zak/Downloads/Highlights/bloomberg-terminal/node_modules/next/dist/server/dev/dev-indicator-server-state.d.ts
C:/Users/Zak/Downloads/Highlights/bloomberg-terminal/node_modules/next/dist/server/lib/parse-stack.d.ts
C:/Users/Zak/Downloads/Highlights/bloomberg-terminal/node_modules/next/dist/next-devtools/server/shared.d.ts
C:/Users/Zak/Downloads/Highlights/bloomberg-terminal/node_modules/next/dist/next-devtools/shared/stack-frame.d.ts
C:/Users/Zak/Downloads/Highlights/bloomberg-terminal/node_modules/next/dist/next-devtools/dev-overlay/utils/get-error-by-type.d.ts
C:/Users/Zak/Downloads/Highlights/bloomberg-terminal/node_modules/@types/react/jsx-runtime.d.ts
C:/Users/Zak/Downloads/Highlights/bloomberg-terminal/node_modules/next/dist/next-devtools/dev-overlay/container/runtime-error/render-error.d.ts
C:/Users/Zak/Downloads/Highlights/bloomberg-terminal/node_modules/next/dist/next-devtools/dev-overlay/shared.d.ts
C:/Users/Zak/Downloads/Highlights/bloomberg-terminal/node_modules/next/dist/server/dev/hot-reloader-types.d.ts
C:/Users/Zak/Downloads/Highlights/bloomberg-terminal/node_modules/next/dist/server/lib/cache-handlers/types.d.ts
C:/Users/Zak/Downloads/Highlights/bloomberg-terminal/node_modules/next/dist/server/response-cache/types.d.ts
C:/Users/Zak/Downloads/Highlights/bloomberg-terminal/node_modules/next/dist/server/resume-data-cache/cache-store.d.ts
C:/Users/Zak/Downloads/Highlights/bloomberg-terminal/node_modules/next/dist/server/resume-data-cache/resume-data-cache.d.ts
C:/Users/Zak/Downloads/Highlights/bloomberg-terminal/node_modules/next/dist/server/render-result.d.ts
C:/Users/Zak/Downloads/Highlights/bloomberg-terminal/node_modules/next/dist/server/lib/i18n-provider.d.ts
C:/Users/Zak/Downloads/Highlights/bloomberg-terminal/node_modules/next/dist/server/web/next-url.d.ts
C:/Users/Zak/Downloads/Highlights/bloomberg-terminal/node_modules/next/dist/compiled/@edge-runtime/cookies/index.d.ts
C:/Users/Zak/Downloads/Highlights/bloomberg-terminal/node_modules/next/dist/server/web/spec-extension/cookies.d.ts
C:/Users/Zak/Downloads/Highlights/bloomberg-terminal/node_modules/next/dist/server/web/spec-extension/request.d.ts
C:/Users/Zak/Downloads/Highlights/bloomberg-terminal/node_modules/next/dist/server/after/builtin-request-context.d.ts
C:/Users/Zak/Downloads/Highlights/bloomberg-terminal/node_modules/next/dist/server/web/spec-extension/fetch-event.d.ts
C:/Users/Zak/Downloads/Highlights/bloomberg-terminal/node_modules/next/dist/server/web/spec-extension/response.d.ts
C:/Users/Zak/Downloads/Highlights/bloomberg-terminal/node_modules/next/dist/build/segment-config/middleware/middleware-config.d.ts
C:/Users/Zak/Downloads/Highlights/bloomberg-terminal/node_modules/next/dist/server/web/types.d.ts
C:/Users/Zak/Downloads/Highlights/bloomberg-terminal/node_modules/next/dist/build/webpack/plugins/pages-manifest-plugin.d.ts
C:/Users/Zak/Downloads/Highlights/bloomberg-terminal/node_modules/next/dist/shared/lib/router/utils/parse-url.d.ts
C:/Users/Zak/Downloads/Highlights/bloomberg-terminal/node_modules/next/dist/server/base-http/node.d.ts
C:/Users/Zak/Downloads/Highlights/bloomberg-terminal/node_modules/next/dist/build/webpack/plugins/next-font-manifest-plugin.d.ts
C:/Users/Zak/Downloads/Highlights/bloomberg-terminal/node_modules/next/dist/server/route-definitions/locale-route-definition.d.ts
C:/Users/Zak/Downloads/Highlights/bloomberg-terminal/node_modules/next/dist/server/route-definitions/pages-route-definition.d.ts
C:/Users/Zak/Downloads/Highlights/bloomberg-terminal/node_modules/next/dist/shared/lib/mitt.d.ts
C:/Users/Zak/Downloads/Highlights/bloomberg-terminal/node_modules/next/dist/client/with-router.d.ts
C:/Users/Zak/Downloads/Highlights/bloomberg-terminal/node_modules/next/dist/client/router.d.ts
C:/Users/Zak/Downloads/Highlights/bloomberg-terminal/node_modules/next/dist/client/route-loader.d.ts
C:/Users/Zak/Downloads/Highlights/bloomberg-terminal/node_modules/next/dist/client/page-loader.d.ts
C:/Users/Zak/Downloads/Highlights/bloomberg-terminal/node_modules/next/dist/shared/lib/router/router.d.ts
C:/Users/Zak/Downloads/Highlights/bloomberg-terminal/node_modules/next/dist/shared/lib/router-context.shared-runtime.d.ts
C:/Users/Zak/Downloads/Highlights/bloomberg-terminal/node_modules/next/dist/shared/lib/loadable-context.shared-runtime.d.ts
C:/Users/Zak/Downloads/Highlights/bloomberg-terminal/node_modules/next/dist/shared/lib/loadable.shared-runtime.d.ts
C:/Users/Zak/Downloads/Highlights/bloomberg-terminal/node_modules/next/dist/shared/lib/image-config-context.shared-runtime.d.ts
C:/Users/Zak/Downloads/Highlights/bloomberg-terminal/node_modules/next/dist/shared/lib/hooks-client-context.shared-runtime.d.ts
C:/Users/Zak/Downloads/Highlights/bloomberg-terminal/node_modules/next/dist/shared/lib/head-manager-context.shared-runtime.d.ts
C:/Users/Zak/Downloads/Highlights/bloomberg-terminal/node_modules/next/dist/server/route-definitions/app-page-route-definition.d.ts
C:/Users/Zak/Downloads/Highlights/bloomberg-terminal/node_modules/next/dist/build/webpack/loaders/metadata/types.d.ts
C:/Users/Zak/Downloads/Highlights/bloomberg-terminal/node_modules/next/dist/build/webpack/loaders/next-app-loader/index.d.ts
C:/Users/Zak/Downloads/Highlights/bloomberg-terminal/node_modules/next/dist/server/lib/app-dir-module.d.ts
C:/Users/Zak/Downloads/Highlights/bloomberg-terminal/node_modules/next/dist/server/web/spec-extension/adapters/request-cookies.d.ts
C:/Users/Zak/Downloads/Highlights/bloomberg-terminal/node_modules/next/dist/server/async-storage/draft-mode-provider.d.ts
C:/Users/Zak/Downloads/Highlights/bloomberg-terminal/node_modules/next/dist/server/web/spec-extension/adapters/headers.d.ts
C:/Users/Zak/Downloads/Highlights/bloomberg-terminal/node_modules/next/dist/server/app-render/cache-signal.d.ts
C:/Users/Zak/Downloads/Highlights/bloomberg-terminal/node_modules/next/dist/server/app-render/dynamic-rendering.d.ts
C:/Users/Zak/Downloads/Highlights/bloomberg-terminal/node_modules/next/dist/server/request/fallback-params.d.ts
C:/Users/Zak/Downloads/Highlights/bloomberg-terminal/node_modules/next/dist/server/app-render/work-unit-async-storage-instance.d.ts
C:/Users/Zak/Downloads/Highlights/bloomberg-terminal/node_modules/next/dist/server/response-cache/index.d.ts
C:/Users/Zak/Downloads/Highlights/bloomberg-terminal/node_modules/next/dist/server/lib/lazy-result.d.ts
C:/Users/Zak/Downloads/Highlights/bloomberg-terminal/node_modules/next/dist/server/lib/implicit-tags.d.ts
C:/Users/Zak/Downloads/Highlights/bloomberg-terminal/node_modules/next/dist/server/app-render/work-unit-async-storage.external.d.ts
C:/Users/Zak/Downloads/Highlights/bloomberg-terminal/node_modules/next/dist/shared/lib/deep-readonly.d.ts
C:/Users/Zak/Downloads/Highlights/bloomberg-terminal/node_modules/next/dist/shared/lib/router/utils/parse-relative-url.d.ts
C:/Users/Zak/Downloads/Highlights/bloomberg-terminal/node_modules/next/dist/server/app-render/app-render.d.ts
C:/Users/Zak/Downloads/Highlights/bloomberg-terminal/node_modules/next/dist/shared/lib/server-inserted-html.shared-runtime.d.ts
C:/Users/Zak/Downloads/Highlights/bloomberg-terminal/node_modules/next/dist/shared/lib/amp-context.shared-runtime.d.ts
C:/Users/Zak/Downloads/Highlights/bloomberg-terminal/node_modules/next/dist/server/route-modules/app-page/vendored/contexts/entrypoints.d.ts
C:/Users/Zak/Downloads/Highlights/bloomberg-terminal/node_modules/next/dist/server/route-modules/app-page/module.compiled.d.ts
C:/Users/Zak/Downloads/Highlights/bloomberg-terminal/node_modules/next/dist/client/components/error-boundary.d.ts
C:/Users/Zak/Downloads/Highlights/bloomberg-terminal/node_modules/next/dist/client/components/layout-router.d.ts
C:/Users/Zak/Downloads/Highlights/bloomberg-terminal/node_modules/next/dist/client/components/render-from-template-context.d.ts
C:/Users/Zak/Downloads/Highlights/bloomberg-terminal/node_modules/next/dist/server/app-render/action-async-storage-instance.d.ts
C:/Users/Zak/Downloads/Highlights/bloomberg-terminal/node_modules/next/dist/server/app-render/action-async-storage.external.d.ts
C:/Users/Zak/Downloads/Highlights/bloomberg-terminal/node_modules/next/dist/client/components/client-page.d.ts
C:/Users/Zak/Downloads/Highlights/bloomberg-terminal/node_modules/next/dist/client/components/client-segment.d.ts
C:/Users/Zak/Downloads/Highlights/bloomberg-terminal/node_modules/next/dist/server/request/search-params.d.ts
C:/Users/Zak/Downloads/Highlights/bloomberg-terminal/node_modules/next/dist/client/components/hooks-server-context.d.ts
C:/Users/Zak/Downloads/Highlights/bloomberg-terminal/node_modules/next/dist/client/components/http-access-fallback/error-boundary.d.ts
C:/Users/Zak/Downloads/Highlights/bloomberg-terminal/node_modules/next/dist/lib/metadata/types/alternative-urls-types.d.ts
C:/Users/Zak/Downloads/Highlights/bloomberg-terminal/node_modules/next/dist/lib/metadata/types/extra-types.d.ts
C:/Users/Zak/Downloads/Highlights/bloomberg-terminal/node_modules/next/dist/lib/metadata/types/metadata-types.d.ts
C:/Users/Zak/Downloads/Highlights/bloomberg-terminal/node_modules/next/dist/lib/metadata/types/manifest-types.d.ts
C:/Users/Zak/Downloads/Highlights/bloomberg-terminal/node_modules/next/dist/lib/metadata/types/opengraph-types.d.ts
C:/Users/Zak/Downloads/Highlights/bloomberg-terminal/node_modules/next/dist/lib/metadata/types/twitter-types.d.ts
C:/Users/Zak/Downloads/Highlights/bloomberg-terminal/node_modules/next/dist/lib/metadata/types/metadata-interface.d.ts
C:/Users/Zak/Downloads/Highlights/bloomberg-terminal/node_modules/next/dist/lib/metadata/types/resolvers.d.ts
C:/Users/Zak/Downloads/Highlights/bloomberg-terminal/node_modules/next/dist/lib/metadata/types/icons.d.ts
C:/Users/Zak/Downloads/Highlights/bloomberg-terminal/node_modules/next/dist/lib/metadata/resolve-metadata.d.ts
C:/Users/Zak/Downloads/Highlights/bloomberg-terminal/node_modules/next/dist/lib/metadata/metadata.d.ts
C:/Users/Zak/Downloads/Highlights/bloomberg-terminal/node_modules/next/dist/lib/framework/boundary-components.d.ts
C:/Users/Zak/Downloads/Highlights/bloomberg-terminal/node_modules/next/dist/server/app-render/rsc/preloads.d.ts
C:/Users/Zak/Downloads/Highlights/bloomberg-terminal/node_modules/next/dist/server/app-render/rsc/postpone.d.ts
C:/Users/Zak/Downloads/Highlights/bloomberg-terminal/node_modules/next/dist/server/app-render/rsc/taint.d.ts
C:/Users/Zak/Downloads/Highlights/bloomberg-terminal/node_modules/next/dist/shared/lib/segment-cache/segment-value-encoding.d.ts
C:/Users/Zak/Downloads/Highlights/bloomberg-terminal/node_modules/next/dist/server/app-render/collect-segment-data.d.ts
C:/Users/Zak/Downloads/Highlights/bloomberg-terminal/node_modules/next/dist/next-devtools/userspace/app/segment-explorer-node.d.ts
C:/Users/Zak/Downloads/Highlights/bloomberg-terminal/node_modules/next/dist/server/app-render/entry-base.d.ts
C:/Users/Zak/Downloads/Highlights/bloomberg-terminal/node_modules/next/dist/build/templates/app-page.d.ts
C:/Users/Zak/Downloads/Highlights/bloomberg-terminal/node_modules/@types/react/jsx-dev-runtime.d.ts
C:/Users/Zak/Downloads/Highlights/bloomberg-terminal/node_modules/@types/react/compiler-runtime.d.ts
C:/Users/Zak/Downloads/Highlights/bloomberg-terminal/node_modules/next/dist/server/route-modules/app-page/vendored/rsc/entrypoints.d.ts
C:/Users/Zak/Downloads/Highlights/bloomberg-terminal/node_modules/@types/react-dom/client.d.ts
C:/Users/Zak/Downloads/Highlights/bloomberg-terminal/node_modules/@types/react-dom/server.d.ts
C:/Users/Zak/Downloads/Highlights/bloomberg-terminal/node_modules/next/dist/server/route-modules/app-page/vendored/ssr/entrypoints.d.ts
C:/Users/Zak/Downloads/Highlights/bloomberg-terminal/node_modules/next/dist/server/route-modules/app-page/module.d.ts
C:/Users/Zak/Downloads/Highlights/bloomberg-terminal/node_modules/next/dist/server/web/adapter.d.ts
C:/Users/Zak/Downloads/Highlights/bloomberg-terminal/node_modules/next/dist/server/use-cache/cache-life.d.ts
C:/Users/Zak/Downloads/Highlights/bloomberg-terminal/node_modules/next/dist/server/app-render/types.d.ts
C:/Users/Zak/Downloads/Highlights/bloomberg-terminal/node_modules/next/dist/client/components/router-reducer/router-reducer-types.d.ts
C:/Users/Zak/Downloads/Highlights/bloomberg-terminal/node_modules/next/dist/client/flight-data-helpers.d.ts
C:/Users/Zak/Downloads/Highlights/bloomberg-terminal/node_modules/next/dist/client/components/router-reducer/fetch-server-response.d.ts
C:/Users/Zak/Downloads/Highlights/bloomberg-terminal/node_modules/next/dist/shared/lib/app-router-context.shared-runtime.d.ts
C:/Users/Zak/Downloads/Highlights/bloomberg-terminal/node_modules/next/dist/server/route-modules/pages/vendored/contexts/entrypoints.d.ts
C:/Users/Zak/Downloads/Highlights/bloomberg-terminal/node_modules/next/dist/server/route-modules/pages/module.compiled.d.ts
C:/Users/Zak/Downloads/Highlights/bloomberg-terminal/node_modules/next/dist/build/templates/pages.d.ts
C:/Users/Zak/Downloads/Highlights/bloomberg-terminal/node_modules/next/dist/server/route-modules/pages/module.d.ts
C:/Users/Zak/Downloads/Highlights/bloomberg-terminal/node_modules/next/dist/next-devtools/userspace/pages/pages-dev-overlay-setup.d.ts
C:/Users/Zak/Downloads/Highlights/bloomberg-terminal/node_modules/next/dist/server/render.d.ts
C:/Users/Zak/Downloads/Highlights/bloomberg-terminal/node_modules/next/dist/server/route-definitions/pages-api-route-definition.d.ts
C:/Users/Zak/Downloads/Highlights/bloomberg-terminal/node_modules/next/dist/server/route-matches/pages-api-route-match.d.ts
C:/Users/Zak/Downloads/Highlights/bloomberg-terminal/node_modules/next/dist/server/route-matchers/route-matcher.d.ts
C:/Users/Zak/Downloads/Highlights/bloomberg-terminal/node_modules/next/dist/server/route-matcher-providers/route-matcher-provider.d.ts
C:/Users/Zak/Downloads/Highlights/bloomberg-terminal/node_modules/next/dist/server/route-matcher-managers/route-matcher-manager.d.ts
C:/Users/Zak/Downloads/Highlights/bloomberg-terminal/node_modules/next/dist/server/normalizers/normalizer.d.ts
C:/Users/Zak/Downloads/Highlights/bloomberg-terminal/node_modules/next/dist/server/normalizers/locale-route-normalizer.d.ts
C:/Users/Zak/Downloads/Highlights/bloomberg-terminal/node_modules/next/dist/server/normalizers/request/pathname-normalizer.d.ts
C:/Users/Zak/Downloads/Highlights/bloomberg-terminal/node_modules/next/dist/server/normalizers/request/suffix.d.ts
C:/Users/Zak/Downloads/Highlights/bloomberg-terminal/node_modules/next/dist/server/normalizers/request/rsc.d.ts
C:/Users/Zak/Downloads/Highlights/bloomberg-terminal/node_modules/next/dist/server/normalizers/request/prefetch-rsc.d.ts
C:/Users/Zak/Downloads/Highlights/bloomberg-terminal/node_modules/next/dist/server/normalizers/request/next-data.d.ts
C:/Users/Zak/Downloads/Highlights/bloomberg-terminal/node_modules/next/dist/server/normalizers/request/segment-prefix-rsc.d.ts
C:/Users/Zak/Downloads/Highlights/bloomberg-terminal/node_modules/next/dist/build/static-paths/types.d.ts
C:/Users/Zak/Downloads/Highlights/bloomberg-terminal/node_modules/next/dist/server/base-server.d.ts
C:/Users/Zak/Downloads/Highlights/bloomberg-terminal/node_modules/next/dist/server/lib/async-callback-set.d.ts
C:/Users/Zak/Downloads/Highlights/bloomberg-terminal/node_modules/next/dist/shared/lib/router/utils/route-regex.d.ts
C:/Users/Zak/Downloads/Highlights/bloomberg-terminal/node_modules/next/dist/shared/lib/router/utils/route-matcher.d.ts
C:/Users/Zak/Downloads/Highlights/bloomberg-terminal/node_modules/sharp/lib/index.d.ts
C:/Users/Zak/Downloads/Highlights/bloomberg-terminal/node_modules/next/dist/server/image-optimizer.d.ts
C:/Users/Zak/Downloads/Highlights/bloomberg-terminal/node_modules/next/dist/server/next-server.d.ts
C:/Users/Zak/Downloads/Highlights/bloomberg-terminal/node_modules/next/dist/server/lib/types.d.ts
C:/Users/Zak/Downloads/Highlights/bloomberg-terminal/node_modules/next/dist/server/lib/lru-cache.d.ts
C:/Users/Zak/Downloads/Highlights/bloomberg-terminal/node_modules/next/dist/server/lib/dev-bundler-service.d.ts
C:/Users/Zak/Downloads/Highlights/bloomberg-terminal/node_modules/next/dist/server/dev/static-paths-worker.d.ts
C:/Users/Zak/Downloads/Highlights/bloomberg-terminal/node_modules/next/dist/server/dev/next-dev-server.d.ts
C:/Users/Zak/Downloads/Highlights/bloomberg-terminal/node_modules/next/dist/server/next.d.ts
C:/Users/Zak/Downloads/Highlights/bloomberg-terminal/node_modules/next/dist/server/lib/render-server.d.ts
C:/Users/Zak/Downloads/Highlights/bloomberg-terminal/node_modules/next/dist/server/lib/router-server.d.ts
C:/Users/Zak/Downloads/Highlights/bloomberg-terminal/node_modules/next/dist/shared/lib/router/utils/path-match.d.ts
C:/Users/Zak/Downloads/Highlights/bloomberg-terminal/node_modules/next/dist/server/lib/router-utils/filesystem.d.ts
C:/Users/Zak/Downloads/Highlights/bloomberg-terminal/node_modules/next/dist/server/lib/router-utils/setup-dev-bundler.d.ts
C:/Users/Zak/Downloads/Highlights/bloomberg-terminal/node_modules/next/dist/server/lib/router-utils/router-server-context.d.ts
C:/Users/Zak/Downloads/Highlights/bloomberg-terminal/node_modules/next/dist/server/route-modules/route-module.d.ts
C:/Users/Zak/Downloads/Highlights/bloomberg-terminal/node_modules/next/dist/server/load-components.d.ts
C:/Users/Zak/Downloads/Highlights/bloomberg-terminal/node_modules/next/dist/server/route-definitions/app-route-route-definition.d.ts
C:/Users/Zak/Downloads/Highlights/bloomberg-terminal/node_modules/next/dist/server/async-storage/work-store.d.ts
C:/Users/Zak/Downloads/Highlights/bloomberg-terminal/node_modules/next/dist/server/web/http.d.ts
C:/Users/Zak/Downloads/Highlights/bloomberg-terminal/node_modules/next/dist/server/route-modules/app-route/shared-modules.d.ts
C:/Users/Zak/Downloads/Highlights/bloomberg-terminal/node_modules/next/dist/client/components/redirect-status-code.d.ts
C:/Users/Zak/Downloads/Highlights/bloomberg-terminal/node_modules/next/dist/client/components/redirect-error.d.ts
C:/Users/Zak/Downloads/Highlights/bloomberg-terminal/node_modules/next/dist/build/templates/app-route.d.ts
C:/Users/Zak/Downloads/Highlights/bloomberg-terminal/node_modules/next/dist/server/route-modules/app-route/module.d.ts
C:/Users/Zak/Downloads/Highlights/bloomberg-terminal/node_modules/next/dist/server/route-modules/app-route/module.compiled.d.ts
C:/Users/Zak/Downloads/Highlights/bloomberg-terminal/node_modules/next/dist/build/segment-config/app/app-segments.d.ts
C:/Users/Zak/Downloads/Highlights/bloomberg-terminal/node_modules/next/dist/build/utils.d.ts
C:/Users/Zak/Downloads/Highlights/bloomberg-terminal/node_modules/next/dist/build/turborepo-access-trace/types.d.ts
C:/Users/Zak/Downloads/Highlights/bloomberg-terminal/node_modules/next/dist/build/turborepo-access-trace/result.d.ts
C:/Users/Zak/Downloads/Highlights/bloomberg-terminal/node_modules/next/dist/build/turborepo-access-trace/helpers.d.ts
C:/Users/Zak/Downloads/Highlights/bloomberg-terminal/node_modules/next/dist/build/turborepo-access-trace/index.d.ts
C:/Users/Zak/Downloads/Highlights/bloomberg-terminal/node_modules/next/dist/export/routes/types.d.ts
C:/Users/Zak/Downloads/Highlights/bloomberg-terminal/node_modules/next/dist/export/types.d.ts
C:/Users/Zak/Downloads/Highlights/bloomberg-terminal/node_modules/next/dist/export/worker.d.ts
C:/Users/Zak/Downloads/Highlights/bloomberg-terminal/node_modules/next/dist/build/worker.d.ts
C:/Users/Zak/Downloads/Highlights/bloomberg-terminal/node_modules/next/dist/build/index.d.ts
C:/Users/Zak/Downloads/Highlights/bloomberg-terminal/node_modules/next/dist/server/lib/incremental-cache/index.d.ts
C:/Users/Zak/Downloads/Highlights/bloomberg-terminal/node_modules/next/dist/server/after/after.d.ts
C:/Users/Zak/Downloads/Highlights/bloomberg-terminal/node_modules/next/dist/server/after/after-context.d.ts
C:/Users/Zak/Downloads/Highlights/bloomberg-terminal/node_modules/next/dist/server/app-render/work-async-storage-instance.d.ts
C:/Users/Zak/Downloads/Highlights/bloomberg-terminal/node_modules/next/dist/server/app-render/work-async-storage.external.d.ts
C:/Users/Zak/Downloads/Highlights/bloomberg-terminal/node_modules/next/dist/server/request/params.d.ts
C:/Users/Zak/Downloads/Highlights/bloomberg-terminal/node_modules/next/dist/server/route-matches/route-match.d.ts
C:/Users/Zak/Downloads/Highlights/bloomberg-terminal/node_modules/next/dist/server/request-meta.d.ts
C:/Users/Zak/Downloads/Highlights/bloomberg-terminal/node_modules/next/dist/cli/next-test.d.ts
C:/Users/Zak/Downloads/Highlights/bloomberg-terminal/node_modules/next/dist/server/config-shared.d.ts
C:/Users/Zak/Downloads/Highlights/bloomberg-terminal/node_modules/next/dist/server/base-http/index.d.ts
C:/Users/Zak/Downloads/Highlights/bloomberg-terminal/node_modules/next/dist/server/api-utils/index.d.ts
C:/Users/Zak/Downloads/Highlights/bloomberg-terminal/node_modules/next/dist/types.d.ts
C:/Users/Zak/Downloads/Highlights/bloomberg-terminal/node_modules/next/dist/shared/lib/html-context.shared-runtime.d.ts
C:/Users/Zak/Downloads/Highlights/bloomberg-terminal/node_modules/next/dist/shared/lib/utils.d.ts
C:/Users/Zak/Downloads/Highlights/bloomberg-terminal/node_modules/next/dist/pages/_app.d.ts
C:/Users/Zak/Downloads/Highlights/bloomberg-terminal/node_modules/next/app.d.ts
C:/Users/Zak/Downloads/Highlights/bloomberg-terminal/node_modules/next/dist/server/web/spec-extension/unstable-cache.d.ts
C:/Users/Zak/Downloads/Highlights/bloomberg-terminal/node_modules/next/dist/server/web/spec-extension/revalidate.d.ts
C:/Users/Zak/Downloads/Highlights/bloomberg-terminal/node_modules/next/dist/server/web/spec-extension/unstable-no-store.d.ts
C:/Users/Zak/Downloads/Highlights/bloomberg-terminal/node_modules/next/dist/server/use-cache/cache-tag.d.ts
C:/Users/Zak/Downloads/Highlights/bloomberg-terminal/node_modules/next/cache.d.ts
C:/Users/Zak/Downloads/Highlights/bloomberg-terminal/node_modules/next/dist/shared/lib/runtime-config.external.d.ts
C:/Users/Zak/Downloads/Highlights/bloomberg-terminal/node_modules/next/config.d.ts
C:/Users/Zak/Downloads/Highlights/bloomberg-terminal/node_modules/next/dist/pages/_document.d.ts
C:/Users/Zak/Downloads/Highlights/bloomberg-terminal/node_modules/next/document.d.ts
C:/Users/Zak/Downloads/Highlights/bloomberg-terminal/node_modules/next/dist/shared/lib/dynamic.d.ts
C:/Users/Zak/Downloads/Highlights/bloomberg-terminal/node_modules/next/dynamic.d.ts
C:/Users/Zak/Downloads/Highlights/bloomberg-terminal/node_modules/next/dist/pages/_error.d.ts
C:/Users/Zak/Downloads/Highlights/bloomberg-terminal/node_modules/next/error.d.ts
C:/Users/Zak/Downloads/Highlights/bloomberg-terminal/node_modules/next/dist/shared/lib/head.d.ts
C:/Users/Zak/Downloads/Highlights/bloomberg-terminal/node_modules/next/head.d.ts
C:/Users/Zak/Downloads/Highlights/bloomberg-terminal/node_modules/next/dist/server/request/cookies.d.ts
C:/Users/Zak/Downloads/Highlights/bloomberg-terminal/node_modules/next/dist/server/request/headers.d.ts
C:/Users/Zak/Downloads/Highlights/bloomberg-terminal/node_modules/next/dist/server/request/draft-mode.d.ts
C:/Users/Zak/Downloads/Highlights/bloomberg-terminal/node_modules/next/headers.d.ts
C:/Users/Zak/Downloads/Highlights/bloomberg-terminal/node_modules/next/dist/shared/lib/get-img-props.d.ts
C:/Users/Zak/Downloads/Highlights/bloomberg-terminal/node_modules/next/dist/client/image-component.d.ts
C:/Users/Zak/Downloads/Highlights/bloomberg-terminal/node_modules/next/dist/shared/lib/image-external.d.ts
C:/Users/Zak/Downloads/Highlights/bloomberg-terminal/node_modules/next/image.d.ts
C:/Users/Zak/Downloads/Highlights/bloomberg-terminal/node_modules/next/dist/client/link.d.ts
C:/Users/Zak/Downloads/Highlights/bloomberg-terminal/node_modules/next/link.d.ts
C:/Users/Zak/Downloads/Highlights/bloomberg-terminal/node_modules/next/dist/client/components/redirect.d.ts
C:/Users/Zak/Downloads/Highlights/bloomberg-terminal/node_modules/next/dist/client/components/not-found.d.ts
C:/Users/Zak/Downloads/Highlights/bloomberg-terminal/node_modules/next/dist/client/components/forbidden.d.ts
C:/Users/Zak/Downloads/Highlights/bloomberg-terminal/node_modules/next/dist/client/components/unauthorized.d.ts
C:/Users/Zak/Downloads/Highlights/bloomberg-terminal/node_modules/next/dist/client/components/unstable-rethrow.server.d.ts
C:/Users/Zak/Downloads/Highlights/bloomberg-terminal/node_modules/next/dist/client/components/unstable-rethrow.d.ts
C:/Users/Zak/Downloads/Highlights/bloomberg-terminal/node_modules/next/dist/client/components/navigation.react-server.d.ts
C:/Users/Zak/Downloads/Highlights/bloomberg-terminal/node_modules/next/dist/client/components/unrecognized-action-error.d.ts
C:/Users/Zak/Downloads/Highlights/bloomberg-terminal/node_modules/next/dist/client/components/navigation.d.ts
C:/Users/Zak/Downloads/Highlights/bloomberg-terminal/node_modules/next/navigation.d.ts
C:/Users/Zak/Downloads/Highlights/bloomberg-terminal/node_modules/next/router.d.ts
C:/Users/Zak/Downloads/Highlights/bloomberg-terminal/node_modules/next/dist/client/script.d.ts
C:/Users/Zak/Downloads/Highlights/bloomberg-terminal/node_modules/next/script.d.ts
C:/Users/Zak/Downloads/Highlights/bloomberg-terminal/node_modules/next/dist/server/web/spec-extension/user-agent.d.ts
C:/Users/Zak/Downloads/Highlights/bloomberg-terminal/node_modules/next/dist/compiled/@edge-runtime/primitives/url.d.ts
C:/Users/Zak/Downloads/Highlights/bloomberg-terminal/node_modules/next/dist/server/web/spec-extension/image-response.d.ts
C:/Users/Zak/Downloads/Highlights/bloomberg-terminal/node_modules/next/dist/compiled/@vercel/og/satori/index.d.ts
C:/Users/Zak/Downloads/Highlights/bloomberg-terminal/node_modules/next/dist/compiled/@vercel/og/emoji/index.d.ts
C:/Users/Zak/Downloads/Highlights/bloomberg-terminal/node_modules/next/dist/compiled/@vercel/og/types.d.ts
C:/Users/Zak/Downloads/Highlights/bloomberg-terminal/node_modules/next/dist/server/after/index.d.ts
C:/Users/Zak/Downloads/Highlights/bloomberg-terminal/node_modules/next/dist/server/request/root-params.d.ts
C:/Users/Zak/Downloads/Highlights/bloomberg-terminal/node_modules/next/dist/server/request/connection.d.ts
C:/Users/Zak/Downloads/Highlights/bloomberg-terminal/node_modules/next/server.d.ts
C:/Users/Zak/Downloads/Highlights/bloomberg-terminal/node_modules/next/types/global.d.ts
C:/Users/Zak/Downloads/Highlights/bloomberg-terminal/node_modules/next/types/compiled.d.ts
C:/Users/Zak/Downloads/Highlights/bloomberg-terminal/node_modules/next/types.d.ts
C:/Users/Zak/Downloads/Highlights/bloomberg-terminal/node_modules/next/index.d.ts
C:/Users/Zak/Downloads/Highlights/bloomberg-terminal/node_modules/next/image-types/global.d.ts
C:/Users/Zak/Downloads/Highlights/bloomberg-terminal/next-env.d.ts
C:/Users/Zak/Downloads/Highlights/bloomberg-terminal/middleware.ts
C:/Users/Zak/Downloads/Highlights/bloomberg-terminal/next.config.ts
C:/Users/Zak/Downloads/Highlights/bloomberg-terminal/node_modules/bcryptjs/types.d.ts
C:/Users/Zak/Downloads/Highlights/bloomberg-terminal/node_modules/bcryptjs/index.d.ts
C:/Users/Zak/Downloads/Highlights/bloomberg-terminal/node_modules/@types/ms/index.d.ts
C:/Users/Zak/Downloads/Highlights/bloomberg-terminal/node_modules/@types/jsonwebtoken/index.d.ts
C:/Users/Zak/Downloads/Highlights/bloomberg-terminal/lib/auth.ts
C:/Users/Zak/Downloads/Highlights/bloomberg-terminal/node_modules/@types/cors/index.d.ts
C:/Users/Zak/Downloads/Highlights/bloomberg-terminal/node_modules/@types/mime/index.d.ts
C:/Users/Zak/Downloads/Highlights/bloomberg-terminal/node_modules/@types/send/index.d.ts
C:/Users/Zak/Downloads/Highlights/bloomberg-terminal/node_modules/@types/qs/index.d.ts
C:/Users/Zak/Downloads/Highlights/bloomberg-terminal/node_modules/@types/range-parser/index.d.ts
C:/Users/Zak/Downloads/Highlights/bloomberg-terminal/node_modules/@types/express-serve-static-core/index.d.ts
C:/Users/Zak/Downloads/Highlights/bloomberg-terminal/node_modules/@types/http-errors/index.d.ts
C:/Users/Zak/Downloads/Highlights/bloomberg-terminal/node_modules/@types/serve-static/index.d.ts
C:/Users/Zak/Downloads/Highlights/bloomberg-terminal/node_modules/@types/connect/index.d.ts
C:/Users/Zak/Downloads/Highlights/bloomberg-terminal/node_modules/@types/body-parser/index.d.ts
C:/Users/Zak/Downloads/Highlights/bloomberg-terminal/node_modules/@types/express/index.d.ts
C:/Users/Zak/Downloads/Highlights/bloomberg-terminal/node_modules/express-rate-limit/dist/index.d.mts
C:/Users/Zak/Downloads/Highlights/bloomberg-terminal/node_modules/helmet/index.d.mts
C:/Users/Zak/Downloads/Highlights/bloomberg-terminal/node_modules/rate-limiter-flexible/lib/index.d.ts
C:/Users/Zak/Downloads/Highlights/bloomberg-terminal/lib/security.ts
C:/Users/Zak/Downloads/Highlights/bloomberg-terminal/node_modules/clsx/clsx.d.mts
C:/Users/Zak/Downloads/Highlights/bloomberg-terminal/node_modules/tailwind-merge/dist/types.d.ts
C:/Users/Zak/Downloads/Highlights/bloomberg-terminal/lib/utils.ts
C:/Users/Zak/Downloads/Highlights/bloomberg-terminal/src/lib/GlobalDataCache.ts
C:/Users/Zak/Downloads/Highlights/bloomberg-terminal/src/lib/polygonService.ts
C:/Users/Zak/Downloads/Highlights/bloomberg-terminal/src/lib/seasonalScreenerService.ts
C:/Users/Zak/Downloads/Highlights/bloomberg-terminal/src/app/api/chatbot/route.ts
C:/Users/Zak/Downloads/Highlights/bloomberg-terminal/src/app/api/debug-polygon/route.ts
C:/Users/Zak/Downloads/Highlights/bloomberg-terminal/src/app/api/historical-data/route.ts
C:/Users/Zak/Downloads/Highlights/bloomberg-terminal/src/app/api/patterns/route.ts
C:/Users/Zak/Downloads/Highlights/bloomberg-terminal/src/app/api/patterns/stream/route.ts
C:/Users/Zak/Downloads/Highlights/bloomberg-terminal/src/app/api/realtime-quotes/route.ts
C:/Users/Zak/Downloads/Highlights/bloomberg-terminal/src/lib/rrgService.ts
C:/Users/Zak/Downloads/Highlights/bloomberg-terminal/src/app/api/rrg-data/route.ts
C:/Users/Zak/Downloads/Highlights/bloomberg-terminal/src/app/api/seasonal-data/route.ts
C:/Users/Zak/Downloads/Highlights/bloomberg-terminal/src/app/api/stock-data/route.ts
C:/Users/Zak/Downloads/Highlights/bloomberg-terminal/src/app/api/test-polygon/route.ts
C:/Users/Zak/Downloads/Highlights/bloomberg-terminal/src/app/api/ticker-details/route.ts
C:/Users/Zak/Downloads/Highlights/bloomberg-terminal/src/app/api/watchlist-bulk/route.ts
C:/Users/Zak/Downloads/Highlights/bloomberg-terminal/src/app/api/weekly-patterns/route.ts
C:/Users/Zak/Downloads/Highlights/bloomberg-terminal/src/components/analytics/ChartControls.tsx
C:/Users/Zak/Downloads/Highlights/bloomberg-terminal/src/components/analytics/SeasonalChart.tsx
C:/Users/Zak/Downloads/Highlights/bloomberg-terminal/src/lib/electionCycleService.ts
C:/Users/Zak/Downloads/Highlights/bloomberg-terminal/src/components/analytics/SeasonaxSymbolSearch.tsx
C:/Users/Zak/Downloads/Highlights/bloomberg-terminal/src/components/analytics/SeasonaxMainChart.tsx
C:/Users/Zak/Downloads/Highlights/bloomberg-terminal/src/components/analytics/SeasonaxStatistics.tsx
C:/Users/Zak/Downloads/Highlights/bloomberg-terminal/src/components/analytics/SeasonaxControls.tsx
C:/Users/Zak/Downloads/Highlights/bloomberg-terminal/src/components/analytics/HorizontalMonthlyReturns.tsx
C:/Users/Zak/Downloads/Highlights/bloomberg-terminal/src/components/analytics/SeasonalityChart.tsx
C:/Users/Zak/Downloads/Highlights/bloomberg-terminal/src/components/analytics/StatisticsPanel.tsx
C:/Users/Zak/Downloads/Highlights/bloomberg-terminal/src/components/analytics/SymbolSearch.tsx
C:/Users/Zak/Downloads/Highlights/bloomberg-terminal/node_modules/@types/d3-array/index.d.ts
C:/Users/Zak/Downloads/Highlights/bloomberg-terminal/node_modules/@types/d3-selection/index.d.ts
C:/Users/Zak/Downloads/Highlights/bloomberg-terminal/node_modules/@types/d3-axis/index.d.ts
C:/Users/Zak/Downloads/Highlights/bloomberg-terminal/node_modules/@types/d3-brush/index.d.ts
C:/Users/Zak/Downloads/Highlights/bloomberg-terminal/node_modules/@types/d3-chord/index.d.ts
C:/Users/Zak/Downloads/Highlights/bloomberg-terminal/node_modules/@types/d3-color/index.d.ts
C:/Users/Zak/Downloads/Highlights/bloomberg-terminal/node_modules/@types/geojson/index.d.ts
C:/Users/Zak/Downloads/Highlights/bloomberg-terminal/node_modules/@types/d3-contour/index.d.ts
C:/Users/Zak/Downloads/Highlights/bloomberg-terminal/node_modules/@types/d3-delaunay/index.d.ts
C:/Users/Zak/Downloads/Highlights/bloomberg-terminal/node_modules/@types/d3-dispatch/index.d.ts
C:/Users/Zak/Downloads/Highlights/bloomberg-terminal/node_modules/@types/d3-drag/index.d.ts
C:/Users/Zak/Downloads/Highlights/bloomberg-terminal/node_modules/@types/d3-dsv/index.d.ts
C:/Users/Zak/Downloads/Highlights/bloomberg-terminal/node_modules/@types/d3-ease/index.d.ts
C:/Users/Zak/Downloads/Highlights/bloomberg-terminal/node_modules/@types/d3-fetch/index.d.ts
C:/Users/Zak/Downloads/Highlights/bloomberg-terminal/node_modules/@types/d3-force/index.d.ts
C:/Users/Zak/Downloads/Highlights/bloomberg-terminal/node_modules/@types/d3-format/index.d.ts
C:/Users/Zak/Downloads/Highlights/bloomberg-terminal/node_modules/@types/d3-geo/index.d.ts
C:/Users/Zak/Downloads/Highlights/bloomberg-terminal/node_modules/@types/d3-hierarchy/index.d.ts
C:/Users/Zak/Downloads/Highlights/bloomberg-terminal/node_modules/@types/d3-interpolate/index.d.ts
C:/Users/Zak/Downloads/Highlights/bloomberg-terminal/node_modules/@types/d3-path/index.d.ts
C:/Users/Zak/Downloads/Highlights/bloomberg-terminal/node_modules/@types/d3-polygon/index.d.ts
C:/Users/Zak/Downloads/Highlights/bloomberg-terminal/node_modules/@types/d3-quadtree/index.d.ts
C:/Users/Zak/Downloads/Highlights/bloomberg-terminal/node_modules/@types/d3-random/index.d.ts
C:/Users/Zak/Downloads/Highlights/bloomberg-terminal/node_modules/@types/d3-time/index.d.ts
C:/Users/Zak/Downloads/Highlights/bloomberg-terminal/node_modules/@types/d3-scale/index.d.ts
C:/Users/Zak/Downloads/Highlights/bloomberg-terminal/node_modules/@types/d3-scale-chromatic/index.d.ts
C:/Users/Zak/Downloads/Highlights/bloomberg-terminal/node_modules/@types/d3-shape/index.d.ts
C:/Users/Zak/Downloads/Highlights/bloomberg-terminal/node_modules/@types/d3-time-format/index.d.ts
C:/Users/Zak/Downloads/Highlights/bloomberg-terminal/node_modules/@types/d3-timer/index.d.ts
C:/Users/Zak/Downloads/Highlights/bloomberg-terminal/node_modules/@types/d3-transition/index.d.ts
C:/Users/Zak/Downloads/Highlights/bloomberg-terminal/node_modules/@types/d3-zoom/index.d.ts
C:/Users/Zak/Downloads/Highlights/bloomberg-terminal/node_modules/@types/d3/index.d.ts
C:/Users/Zak/Downloads/Highlights/bloomberg-terminal/src/components/analytics/RRGChart.tsx
C:/Users/Zak/Downloads/Highlights/bloomberg-terminal/src/components/analytics/RRGAnalytics.tsx
C:/Users/Zak/Downloads/Highlights/bloomberg-terminal/src/components/analytics/index.ts
C:/Users/Zak/Downloads/Highlights/bloomberg-terminal/src/components/chatbot/TradingChatbot.tsx
C:/Users/Zak/Downloads/Highlights/bloomberg-terminal/src/components/chatbot/index.ts
C:/Users/Zak/Downloads/Highlights/bloomberg-terminal/src/components/seasonax/HeroSection.tsx
C:/Users/Zak/Downloads/Highlights/bloomberg-terminal/src/components/seasonax/MarketTabs.tsx
C:/Users/Zak/Downloads/Highlights/bloomberg-terminal/src/components/seasonax/OpportunityCard.tsx
C:/Users/Zak/Downloads/Highlights/bloomberg-terminal/src/components/seasonax/SeasonaxLanding.tsx
C:/Users/Zak/Downloads/Highlights/bloomberg-terminal/src/components/seasonax/FeaturedPatterns.tsx
C:/Users/Zak/Downloads/Highlights/bloomberg-terminal/src/components/seasonax/index.ts
C:/Users/Zak/Downloads/Highlights/bloomberg-terminal/src/components/seasonax/test.ts
C:/Users/Zak/Downloads/Highlights/bloomberg-terminal/src/components/terminal/Background.tsx
C:/Users/Zak/Downloads/Highlights/bloomberg-terminal/src/components/terminal/Navigation.tsx
C:/Users/Zak/Downloads/Highlights/bloomberg-terminal/src/components/terminal/CubeVisualization.tsx
C:/Users/Zak/Downloads/Highlights/bloomberg-terminal/src/components/terminal/HeroSection.tsx
C:/Users/Zak/Downloads/Highlights/bloomberg-terminal/src/components/terminal/ToolVisualizations.tsx
C:/Users/Zak/Downloads/Highlights/bloomberg-terminal/src/components/terminal/ToolsSection.tsx
C:/Users/Zak/Downloads/Highlights/bloomberg-terminal/src/components/terminal/Footer.tsx
C:/Users/Zak/Downloads/Highlights/bloomberg-terminal/src/components/terminal/MatrixRain.tsx
C:/Users/Zak/Downloads/Highlights/bloomberg-terminal/src/components/terminal/index.ts
C:/Users/Zak/Downloads/Highlights/bloomberg-terminal/src/lib/backgroundDataService.ts
C:/Users/Zak/Downloads/Highlights/bloomberg-terminal/src/hooks/useDataLoader.ts
C:/Users/Zak/Downloads/Highlights/bloomberg-terminal/src/hooks/useStockData.ts
C:/Users/Zak/Downloads/Highlights/bloomberg-terminal/src/types/watchlist.ts
C:/Users/Zak/Downloads/Highlights/bloomberg-terminal/src/lib/enhancedWatchlistService.ts
C:/Users/Zak/Downloads/Highlights/bloomberg-terminal/src/hooks/useWatchlist.ts
C:/Users/Zak/Downloads/Highlights/bloomberg-terminal/src/hooks/useWatchlistNew.ts
C:/Users/Zak/Downloads/Highlights/bloomberg-terminal/src/lib/industryAnalysisService.ts
C:/Users/Zak/Downloads/Highlights/bloomberg-terminal/src/lib/seasonalScreenerService_backup.ts
C:/Users/Zak/Downloads/Highlights/bloomberg-terminal/src/lib/seasonalScreenerService_fixed.ts
C:/Users/Zak/Downloads/Highlights/bloomberg-terminal/node_modules/zustand/esm/vanilla.d.mts
C:/Users/Zak/Downloads/Highlights/bloomberg-terminal/node_modules/zustand/esm/react.d.mts
C:/Users/Zak/Downloads/Highlights/bloomberg-terminal/node_modules/zustand/esm/index.d.mts
C:/Users/Zak/Downloads/Highlights/bloomberg-terminal/node_modules/zustand/esm/middleware/redux.d.mts
C:/Users/Zak/Downloads/Highlights/bloomberg-terminal/node_modules/zustand/esm/middleware/devtools.d.mts
C:/Users/Zak/Downloads/Highlights/bloomberg-terminal/node_modules/zustand/esm/middleware/subscribeWithSelector.d.mts
C:/Users/Zak/Downloads/Highlights/bloomberg-terminal/node_modules/zustand/esm/middleware/combine.d.mts
C:/Users/Zak/Downloads/Highlights/bloomberg-terminal/node_modules/zustand/esm/middleware/persist.d.mts
C:/Users/Zak/Downloads/Highlights/bloomberg-terminal/node_modules/zustand/esm/middleware.d.mts
C:/Users/Zak/Downloads/Highlights/bloomberg-terminal/src/lib/store.ts
C:/Users/Zak/Downloads/Highlights/bloomberg-terminal/src/lib/testAPI.ts
C:/Users/Zak/Downloads/Highlights/bloomberg-terminal/src/lib/utils.ts
C:/Users/Zak/Downloads/Highlights/bloomberg-terminal/node_modules/@radix-ui/react-slot/dist/index.d.mts
C:/Users/Zak/Downloads/Highlights/bloomberg-terminal/node_modules/class-variance-authority/dist/types.d.ts
C:/Users/Zak/Downloads/Highlights/bloomberg-terminal/node_modules/class-variance-authority/dist/index.d.ts
C:/Users/Zak/Downloads/Highlights/bloomberg-terminal/components/ui/button.tsx
C:/Users/Zak/Downloads/Highlights/bloomberg-terminal/components/ui/card.tsx
C:/Users/Zak/Downloads/Highlights/bloomberg-terminal/node_modules/@radix-ui/react-context/dist/index.d.mts
C:/Users/Zak/Downloads/Highlights/bloomberg-terminal/node_modules/@radix-ui/react-primitive/dist/index.d.mts
C:/Users/Zak/Downloads/Highlights/bloomberg-terminal/node_modules/@radix-ui/react-roving-focus/dist/index.d.mts
C:/Users/Zak/Downloads/Highlights/bloomberg-terminal/node_modules/@radix-ui/react-tabs/dist/index.d.mts
C:/Users/Zak/Downloads/Highlights/bloomberg-terminal/components/ui/tabs.tsx
C:/Users/Zak/Downloads/Highlights/bloomberg-terminal/node_modules/next/dist/compiled/@next/font/dist/types.d.ts
C:/Users/Zak/Downloads/Highlights/bloomberg-terminal/node_modules/next/dist/compiled/@next/font/dist/google/index.d.ts
C:/Users/Zak/Downloads/Highlights/bloomberg-terminal/node_modules/next/font/google/index.d.ts
C:/Users/Zak/Downloads/Highlights/bloomberg-terminal/src/app/layout.tsx
C:/Users/Zak/Downloads/Highlights/bloomberg-terminal/src/components/DataPreloader.tsx
C:/Users/Zak/Downloads/Highlights/bloomberg-terminal/src/app/page.tsx
C:/Users/Zak/Downloads/Highlights/bloomberg-terminal/src/app/analysis-suite/page.tsx
C:/Users/Zak/Downloads/Highlights/bloomberg-terminal/src/app/analytics/page.tsx
C:/Users/Zak/Downloads/Highlights/bloomberg-terminal/src/app/api-test/page.tsx
C:/Users/Zak/Downloads/Highlights/bloomberg-terminal/src/app/data-driven/page.tsx
C:/Users/Zak/Downloads/Highlights/bloomberg-terminal/src/app/market-overview/page-new.tsx
C:/Users/Zak/Downloads/Highlights/bloomberg-terminal/node_modules/react-icons/lib/iconsManifest.d.ts
C:/Users/Zak/Downloads/Highlights/bloomberg-terminal/node_modules/react-icons/lib/iconBase.d.ts
C:/Users/Zak/Downloads/Highlights/bloomberg-terminal/node_modules/react-icons/lib/iconContext.d.ts
C:/Users/Zak/Downloads/Highlights/bloomberg-terminal/node_modules/react-icons/lib/index.d.ts
C:/Users/Zak/Downloads/Highlights/bloomberg-terminal/node_modules/react-icons/tb/index.d.ts
C:/Users/Zak/Downloads/Highlights/bloomberg-terminal/src/components/trading/TradingViewChart.tsx
C:/Users/Zak/Downloads/Highlights/bloomberg-terminal/src/app/market-overview/page.tsx
C:/Users/Zak/Downloads/Highlights/bloomberg-terminal/src/components/AdvancedTradingDashboard.tsx
C:/Users/Zak/Downloads/Highlights/bloomberg-terminal/src/components/AdvancedTradingDashboard_clean.tsx
C:/Users/Zak/Downloads/Highlights/bloomberg-terminal/src/components/BackgroundLoader.tsx
C:/Users/Zak/Downloads/Highlights/bloomberg-terminal/src/components/WatchlistTable.tsx
C:/Users/Zak/Downloads/Highlights/bloomberg-terminal/src/components/WatchlistTableNew.tsx
C:/Users/Zak/Downloads/Highlights/bloomberg-terminal/src/components/seasonax/SectorsAnalysis.tsx
C:/Users/Zak/Downloads/Highlights/bloomberg-terminal/src/components/seasonax/SectorsAnalysisClean.tsx
C:/Users/Zak/Downloads/Highlights/bloomberg-terminal/src/components/seasonax/SectorsAnalysisWeekly.tsx
C:/Users/Zak/Downloads/Highlights/bloomberg-terminal/node_modules/lucide-react/dist/lucide-react.d.ts
C:/Users/Zak/Downloads/Highlights/bloomberg-terminal/src/components/trading/AdvancedTradingChart.tsx
C:/Users/Zak/Downloads/Highlights/bloomberg-terminal/src/components/trading/AdvancedTradingChart_clean.tsx
C:/Users/Zak/Downloads/Highlights/bloomberg-terminal/src/components/trading/FibonacciDrawing.tsx
C:/Users/Zak/Downloads/Highlights/bloomberg-terminal/node_modules/technicalindicators/declarations/Utils/LinkedList.d.ts
C:/Users/Zak/Downloads/Highlights/bloomberg-terminal/node_modules/technicalindicators/declarations/Utils/FixedSizeLinkedList.d.ts
C:/Users/Zak/Downloads/Highlights/bloomberg-terminal/node_modules/technicalindicators/declarations/StockData.d.ts
C:/Users/Zak/Downloads/Highlights/bloomberg-terminal/node_modules/technicalindicators/declarations/indicator/indicator.d.ts
C:/Users/Zak/Downloads/Highlights/bloomberg-terminal/node_modules/technicalindicators/declarations/moving_averages/SMA.d.ts
C:/Users/Zak/Downloads/Highlights/bloomberg-terminal/node_modules/technicalindicators/declarations/moving_averages/EMA.d.ts
C:/Users/Zak/Downloads/Highlights/bloomberg-terminal/node_modules/technicalindicators/declarations/moving_averages/WMA.d.ts
C:/Users/Zak/Downloads/Highlights/bloomberg-terminal/node_modules/technicalindicators/declarations/moving_averages/WEMA.d.ts
C:/Users/Zak/Downloads/Highlights/bloomberg-terminal/node_modules/technicalindicators/declarations/moving_averages/MACD.d.ts
C:/Users/Zak/Downloads/Highlights/bloomberg-terminal/node_modules/technicalindicators/declarations/oscillators/RSI.d.ts
C:/Users/Zak/Downloads/Highlights/bloomberg-terminal/node_modules/technicalindicators/declarations/volatility/BollingerBands.d.ts
C:/Users/Zak/Downloads/Highlights/bloomberg-terminal/node_modules/technicalindicators/declarations/directionalmovement/ADX.d.ts
C:/Users/Zak/Downloads/Highlights/bloomberg-terminal/node_modules/technicalindicators/declarations/directionalmovement/ATR.d.ts
C:/Users/Zak/Downloads/Highlights/bloomberg-terminal/node_modules/technicalindicators/declarations/directionalmovement/TrueRange.d.ts
C:/Users/Zak/Downloads/Highlights/bloomberg-terminal/node_modules/technicalindicators/declarations/momentum/ROC.d.ts
C:/Users/Zak/Downloads/Highlights/bloomberg-terminal/node_modules/technicalindicators/declarations/momentum/KST.d.ts
C:/Users/Zak/Downloads/Highlights/bloomberg-terminal/node_modules/technicalindicators/declarations/momentum/PSAR.d.ts
C:/Users/Zak/Downloads/Highlights/bloomberg-terminal/node_modules/technicalindicators/declarations/momentum/Stochastic.d.ts
C:/Users/Zak/Downloads/Highlights/bloomberg-terminal/node_modules/technicalindicators/declarations/momentum/WilliamsR.d.ts
C:/Users/Zak/Downloads/Highlights/bloomberg-terminal/node_modules/technicalindicators/declarations/volume/ADL.d.ts
C:/Users/Zak/Downloads/Highlights/bloomberg-terminal/node_modules/technicalindicators/declarations/volume/OBV.d.ts
C:/Users/Zak/Downloads/Highlights/bloomberg-terminal/node_modules/technicalindicators/declarations/momentum/TRIX.d.ts
C:/Users/Zak/Downloads/Highlights/bloomberg-terminal/node_modules/technicalindicators/declarations/volume/ForceIndex.d.ts
C:/Users/Zak/Downloads/Highlights/bloomberg-terminal/node_modules/technicalindicators/declarations/oscillators/CCI.d.ts
C:/Users/Zak/Downloads/Highlights/bloomberg-terminal/node_modules/technicalindicators/declarations/oscillators/AwesomeOscillator.d.ts
C:/Users/Zak/Downloads/Highlights/bloomberg-terminal/node_modules/technicalindicators/declarations/volume/VWAP.d.ts
C:/Users/Zak/Downloads/Highlights/bloomberg-terminal/node_modules/technicalindicators/declarations/volume/VolumeProfile.d.ts
C:/Users/Zak/Downloads/Highlights/bloomberg-terminal/node_modules/technicalindicators/declarations/volume/MFI.d.ts
C:/Users/Zak/Downloads/Highlights/bloomberg-terminal/node_modules/technicalindicators/declarations/momentum/StochasticRSI.d.ts
C:/Users/Zak/Downloads/Highlights/bloomberg-terminal/node_modules/technicalindicators/declarations/Utils/AverageGain.d.ts
C:/Users/Zak/Downloads/Highlights/bloomberg-terminal/node_modules/technicalindicators/declarations/Utils/AverageLoss.d.ts
C:/Users/Zak/Downloads/Highlights/bloomberg-terminal/node_modules/technicalindicators/declarations/Utils/SD.d.ts
C:/Users/Zak/Downloads/Highlights/bloomberg-terminal/node_modules/technicalindicators/declarations/Utils/Highest.d.ts
C:/Users/Zak/Downloads/Highlights/bloomberg-terminal/node_modules/technicalindicators/declarations/Utils/Lowest.d.ts
C:/Users/Zak/Downloads/Highlights/bloomberg-terminal/node_modules/technicalindicators/declarations/Utils/Sum.d.ts
C:/Users/Zak/Downloads/Highlights/bloomberg-terminal/node_modules/technicalindicators/declarations/chart_types/Renko.d.ts
C:/Users/Zak/Downloads/Highlights/bloomberg-terminal/node_modules/technicalindicators/declarations/chart_types/HeikinAshi.d.ts
C:/Users/Zak/Downloads/Highlights/bloomberg-terminal/node_modules/technicalindicators/declarations/candlestick/CandlestickFinder.d.ts
C:/Users/Zak/Downloads/Highlights/bloomberg-terminal/node_modules/technicalindicators/declarations/candlestick/Bullish.d.ts
C:/Users/Zak/Downloads/Highlights/bloomberg-terminal/node_modules/technicalindicators/declarations/candlestick/Bearish.d.ts
C:/Users/Zak/Downloads/Highlights/bloomberg-terminal/node_modules/technicalindicators/declarations/candlestick/AbandonedBaby.d.ts
C:/Users/Zak/Downloads/Highlights/bloomberg-terminal/node_modules/technicalindicators/declarations/candlestick/Doji.d.ts
C:/Users/Zak/Downloads/Highlights/bloomberg-terminal/node_modules/technicalindicators/declarations/candlestick/BearishEngulfingPattern.d.ts
C:/Users/Zak/Downloads/Highlights/bloomberg-terminal/node_modules/technicalindicators/declarations/candlestick/BullishEngulfingPattern.d.ts
C:/Users/Zak/Downloads/Highlights/bloomberg-terminal/node_modules/technicalindicators/declarations/candlestick/DarkCloudCover.d.ts
C:/Users/Zak/Downloads/Highlights/bloomberg-terminal/node_modules/technicalindicators/declarations/candlestick/DownsideTasukiGap.d.ts
C:/Users/Zak/Downloads/Highlights/bloomberg-terminal/node_modules/technicalindicators/declarations/candlestick/DragonFlyDoji.d.ts
C:/Users/Zak/Downloads/Highlights/bloomberg-terminal/node_modules/technicalindicators/declarations/candlestick/GraveStoneDoji.d.ts
C:/Users/Zak/Downloads/Highlights/bloomberg-terminal/node_modules/technicalindicators/declarations/candlestick/BullishHarami.d.ts
C:/Users/Zak/Downloads/Highlights/bloomberg-terminal/node_modules/technicalindicators/declarations/candlestick/BearishHarami.d.ts
C:/Users/Zak/Downloads/Highlights/bloomberg-terminal/node_modules/technicalindicators/declarations/candlestick/BullishHaramiCross.d.ts
C:/Users/Zak/Downloads/Highlights/bloomberg-terminal/node_modules/technicalindicators/declarations/candlestick/BearishHaramiCross.d.ts
C:/Users/Zak/Downloads/Highlights/bloomberg-terminal/node_modules/technicalindicators/declarations/candlestick/EveningDojiStar.d.ts
C:/Users/Zak/Downloads/Highlights/bloomberg-terminal/node_modules/technicalindicators/declarations/candlestick/EveningStar.d.ts
C:/Users/Zak/Downloads/Highlights/bloomberg-terminal/node_modules/technicalindicators/declarations/candlestick/MorningDojiStar.d.ts
C:/Users/Zak/Downloads/Highlights/bloomberg-terminal/node_modules/technicalindicators/declarations/candlestick/MorningStar.d.ts
C:/Users/Zak/Downloads/Highlights/bloomberg-terminal/node_modules/technicalindicators/declarations/candlestick/BullishMarubozu.d.ts
C:/Users/Zak/Downloads/Highlights/bloomberg-terminal/node_modules/technicalindicators/declarations/candlestick/BearishMarubozu.d.ts
C:/Users/Zak/Downloads/Highlights/bloomberg-terminal/node_modules/technicalindicators/declarations/candlestick/PiercingLine.d.ts
C:/Users/Zak/Downloads/Highlights/bloomberg-terminal/node_modules/technicalindicators/declarations/candlestick/BullishSpinningTop.d.ts
C:/Users/Zak/Downloads/Highlights/bloomberg-terminal/node_modules/technicalindicators/declarations/candlestick/BearishSpinningTop.d.ts
C:/Users/Zak/Downloads/Highlights/bloomberg-terminal/node_modules/technicalindicators/declarations/candlestick/ThreeBlackCrows.d.ts
C:/Users/Zak/Downloads/Highlights/bloomberg-terminal/node_modules/technicalindicators/declarations/candlestick/ThreeWhiteSoldiers.d.ts
C:/Users/Zak/Downloads/Highlights/bloomberg-terminal/node_modules/technicalindicators/declarations/candlestick/BullishHammerStick.d.ts
C:/Users/Zak/Downloads/Highlights/bloomberg-terminal/node_modules/technicalindicators/declarations/candlestick/BearishHammerStick.d.ts
C:/Users/Zak/Downloads/Highlights/bloomberg-terminal/node_modules/technicalindicators/declarations/candlestick/BullishInvertedHammerStick.d.ts
C:/Users/Zak/Downloads/Highlights/bloomberg-terminal/node_modules/technicalindicators/declarations/candlestick/BearishInvertedHammerStick.d.ts
C:/Users/Zak/Downloads/Highlights/bloomberg-terminal/node_modules/technicalindicators/declarations/candlestick/HammerPattern.d.ts
C:/Users/Zak/Downloads/Highlights/bloomberg-terminal/node_modules/technicalindicators/declarations/candlestick/HammerPatternUnconfirmed.d.ts
C:/Users/Zak/Downloads/Highlights/bloomberg-terminal/node_modules/technicalindicators/declarations/candlestick/HangingMan.d.ts
C:/Users/Zak/Downloads/Highlights/bloomberg-terminal/node_modules/technicalindicators/declarations/candlestick/HangingManUnconfirmed.d.ts
C:/Users/Zak/Downloads/Highlights/bloomberg-terminal/node_modules/technicalindicators/declarations/candlestick/ShootingStar.d.ts
C:/Users/Zak/Downloads/Highlights/bloomberg-terminal/node_modules/technicalindicators/declarations/candlestick/ShootingStarUnconfirmed.d.ts
C:/Users/Zak/Downloads/Highlights/bloomberg-terminal/node_modules/technicalindicators/declarations/candlestick/TweezerTop.d.ts
C:/Users/Zak/Downloads/Highlights/bloomberg-terminal/node_modules/technicalindicators/declarations/candlestick/TweezerBottom.d.ts
C:/Users/Zak/Downloads/Highlights/bloomberg-terminal/node_modules/technicalindicators/declarations/drawingtools/fibonacci.d.ts
C:/Users/Zak/Downloads/Highlights/bloomberg-terminal/node_modules/technicalindicators/declarations/ichimoku/IchimokuCloud.d.ts
C:/Users/Zak/Downloads/Highlights/bloomberg-terminal/node_modules/technicalindicators/declarations/volatility/KeltnerChannels.d.ts
C:/Users/Zak/Downloads/Highlights/bloomberg-terminal/node_modules/technicalindicators/declarations/volatility/ChandelierExit.d.ts
C:/Users/Zak/Downloads/Highlights/bloomberg-terminal/node_modules/technicalindicators/declarations/Utils/CrossUp.d.ts
C:/Users/Zak/Downloads/Highlights/bloomberg-terminal/node_modules/technicalindicators/declarations/Utils/CrossDown.d.ts
C:/Users/Zak/Downloads/Highlights/bloomberg-terminal/node_modules/technicalindicators/declarations/config.d.ts
C:/Users/Zak/Downloads/Highlights/bloomberg-terminal/node_modules/technicalindicators/declarations/index.d.ts
C:/Users/Zak/Downloads/Highlights/bloomberg-terminal/src/components/trading/TradingChart.tsx
C:/Users/Zak/Downloads/Highlights/bloomberg-terminal/node_modules/@dnd-kit/utilities/dist/hooks/useCombinedRefs.d.ts
C:/Users/Zak/Downloads/Highlights/bloomberg-terminal/node_modules/@dnd-kit/utilities/dist/hooks/useEvent.d.ts
C:/Users/Zak/Downloads/Highlights/bloomberg-terminal/node_modules/@dnd-kit/utilities/dist/hooks/useIsomorphicLayoutEffect.d.ts
C:/Users/Zak/Downloads/Highlights/bloomberg-terminal/node_modules/@dnd-kit/utilities/dist/hooks/useInterval.d.ts
C:/Users/Zak/Downloads/Highlights/bloomberg-terminal/node_modules/@dnd-kit/utilities/dist/hooks/useLatestValue.d.ts
C:/Users/Zak/Downloads/Highlights/bloomberg-terminal/node_modules/@dnd-kit/utilities/dist/hooks/useLazyMemo.d.ts
C:/Users/Zak/Downloads/Highlights/bloomberg-terminal/node_modules/@dnd-kit/utilities/dist/hooks/useNodeRef.d.ts
C:/Users/Zak/Downloads/Highlights/bloomberg-terminal/node_modules/@dnd-kit/utilities/dist/hooks/usePrevious.d.ts
C:/Users/Zak/Downloads/Highlights/bloomberg-terminal/node_modules/@dnd-kit/utilities/dist/hooks/useUniqueId.d.ts
C:/Users/Zak/Downloads/Highlights/bloomberg-terminal/node_modules/@dnd-kit/utilities/dist/hooks/index.d.ts
C:/Users/Zak/Downloads/Highlights/bloomberg-terminal/node_modules/@dnd-kit/utilities/dist/adjustment.d.ts
C:/Users/Zak/Downloads/Highlights/bloomberg-terminal/node_modules/@dnd-kit/utilities/dist/coordinates/types.d.ts
C:/Users/Zak/Downloads/Highlights/bloomberg-terminal/node_modules/@dnd-kit/utilities/dist/coordinates/getEventCoordinates.d.ts
C:/Users/Zak/Downloads/Highlights/bloomberg-terminal/node_modules/@dnd-kit/utilities/dist/coordinates/index.d.ts
C:/Users/Zak/Downloads/Highlights/bloomberg-terminal/node_modules/@dnd-kit/utilities/dist/css.d.ts
C:/Users/Zak/Downloads/Highlights/bloomberg-terminal/node_modules/@dnd-kit/utilities/dist/event/hasViewportRelativeCoordinates.d.ts
C:/Users/Zak/Downloads/Highlights/bloomberg-terminal/node_modules/@dnd-kit/utilities/dist/event/isKeyboardEvent.d.ts
C:/Users/Zak/Downloads/Highlights/bloomberg-terminal/node_modules/@dnd-kit/utilities/dist/event/isTouchEvent.d.ts
C:/Users/Zak/Downloads/Highlights/bloomberg-terminal/node_modules/@dnd-kit/utilities/dist/event/index.d.ts
C:/Users/Zak/Downloads/Highlights/bloomberg-terminal/node_modules/@dnd-kit/utilities/dist/execution-context/canUseDOM.d.ts
C:/Users/Zak/Downloads/Highlights/bloomberg-terminal/node_modules/@dnd-kit/utilities/dist/execution-context/getOwnerDocument.d.ts
C:/Users/Zak/Downloads/Highlights/bloomberg-terminal/node_modules/@dnd-kit/utilities/dist/execution-context/getWindow.d.ts
C:/Users/Zak/Downloads/Highlights/bloomberg-terminal/node_modules/@dnd-kit/utilities/dist/execution-context/index.d.ts
C:/Users/Zak/Downloads/Highlights/bloomberg-terminal/node_modules/@dnd-kit/utilities/dist/focus/findFirstFocusableNode.d.ts
C:/Users/Zak/Downloads/Highlights/bloomberg-terminal/node_modules/@dnd-kit/utilities/dist/focus/index.d.ts
C:/Users/Zak/Downloads/Highlights/bloomberg-terminal/node_modules/@dnd-kit/utilities/dist/type-guards/isDocument.d.ts
C:/Users/Zak/Downloads/Highlights/bloomberg-terminal/node_modules/@dnd-kit/utilities/dist/type-guards/isHTMLElement.d.ts
C:/Users/Zak/Downloads/Highlights/bloomberg-terminal/node_modules/@dnd-kit/utilities/dist/type-guards/isNode.d.ts
C:/Users/Zak/Downloads/Highlights/bloomberg-terminal/node_modules/@dnd-kit/utilities/dist/type-guards/isSVGElement.d.ts
C:/Users/Zak/Downloads/Highlights/bloomberg-terminal/node_modules/@dnd-kit/utilities/dist/type-guards/isWindow.d.ts
C:/Users/Zak/Downloads/Highlights/bloomberg-terminal/node_modules/@dnd-kit/utilities/dist/type-guards/index.d.ts
C:/Users/Zak/Downloads/Highlights/bloomberg-terminal/node_modules/@dnd-kit/utilities/dist/types.d.ts
C:/Users/Zak/Downloads/Highlights/bloomberg-terminal/node_modules/@dnd-kit/utilities/dist/index.d.ts
C:/Users/Zak/Downloads/Highlights/bloomberg-terminal/node_modules/@dnd-kit/core/dist/types/coordinates.d.ts
C:/Users/Zak/Downloads/Highlights/bloomberg-terminal/node_modules/@dnd-kit/core/dist/types/direction.d.ts
C:/Users/Zak/Downloads/Highlights/bloomberg-terminal/node_modules/@dnd-kit/core/dist/utilities/algorithms/types.d.ts
C:/Users/Zak/Downloads/Highlights/bloomberg-terminal/node_modules/@dnd-kit/core/dist/utilities/algorithms/closestCenter.d.ts
C:/Users/Zak/Downloads/Highlights/bloomberg-terminal/node_modules/@dnd-kit/core/dist/utilities/algorithms/closestCorners.d.ts
C:/Users/Zak/Downloads/Highlights/bloomberg-terminal/node_modules/@dnd-kit/core/dist/utilities/algorithms/rectIntersection.d.ts
C:/Users/Zak/Downloads/Highlights/bloomberg-terminal/node_modules/@dnd-kit/core/dist/utilities/algorithms/pointerWithin.d.ts
C:/Users/Zak/Downloads/Highlights/bloomberg-terminal/node_modules/@dnd-kit/core/dist/utilities/algorithms/helpers.d.ts
C:/Users/Zak/Downloads/Highlights/bloomberg-terminal/node_modules/@dnd-kit/core/dist/utilities/algorithms/index.d.ts
C:/Users/Zak/Downloads/Highlights/bloomberg-terminal/node_modules/@dnd-kit/core/dist/sensors/pointer/AbstractPointerSensor.d.ts
C:/Users/Zak/Downloads/Highlights/bloomberg-terminal/node_modules/@dnd-kit/core/dist/sensors/pointer/PointerSensor.d.ts
C:/Users/Zak/Downloads/Highlights/bloomberg-terminal/node_modules/@dnd-kit/core/dist/sensors/pointer/index.d.ts
C:/Users/Zak/Downloads/Highlights/bloomberg-terminal/node_modules/@dnd-kit/core/dist/sensors/types.d.ts
C:/Users/Zak/Downloads/Highlights/bloomberg-terminal/node_modules/@dnd-kit/core/dist/sensors/useSensor.d.ts
C:/Users/Zak/Downloads/Highlights/bloomberg-terminal/node_modules/@dnd-kit/core/dist/sensors/useSensors.d.ts
C:/Users/Zak/Downloads/Highlights/bloomberg-terminal/node_modules/@dnd-kit/core/dist/sensors/mouse/MouseSensor.d.ts
C:/Users/Zak/Downloads/Highlights/bloomberg-terminal/node_modules/@dnd-kit/core/dist/sensors/mouse/index.d.ts
C:/Users/Zak/Downloads/Highlights/bloomberg-terminal/node_modules/@dnd-kit/core/dist/sensors/touch/TouchSensor.d.ts
C:/Users/Zak/Downloads/Highlights/bloomberg-terminal/node_modules/@dnd-kit/core/dist/sensors/touch/index.d.ts
C:/Users/Zak/Downloads/Highlights/bloomberg-terminal/node_modules/@dnd-kit/core/dist/sensors/keyboard/types.d.ts
C:/Users/Zak/Downloads/Highlights/bloomberg-terminal/node_modules/@dnd-kit/core/dist/sensors/keyboard/KeyboardSensor.d.ts
C:/Users/Zak/Downloads/Highlights/bloomberg-terminal/node_modules/@dnd-kit/core/dist/sensors/keyboard/defaults.d.ts
C:/Users/Zak/Downloads/Highlights/bloomberg-terminal/node_modules/@dnd-kit/core/dist/sensors/keyboard/index.d.ts
C:/Users/Zak/Downloads/Highlights/bloomberg-terminal/node_modules/@dnd-kit/core/dist/sensors/index.d.ts
C:/Users/Zak/Downloads/Highlights/bloomberg-terminal/node_modules/@dnd-kit/core/dist/types/events.d.ts
C:/Users/Zak/Downloads/Highlights/bloomberg-terminal/node_modules/@dnd-kit/core/dist/types/other.d.ts
C:/Users/Zak/Downloads/Highlights/bloomberg-terminal/node_modules/@dnd-kit/core/dist/types/react.d.ts
C:/Users/Zak/Downloads/Highlights/bloomberg-terminal/node_modules/@dnd-kit/core/dist/types/rect.d.ts
C:/Users/Zak/Downloads/Highlights/bloomberg-terminal/node_modules/@dnd-kit/core/dist/types/index.d.ts
C:/Users/Zak/Downloads/Highlights/bloomberg-terminal/node_modules/@dnd-kit/core/dist/hooks/utilities/useAutoScroller.d.ts
C:/Users/Zak/Downloads/Highlights/bloomberg-terminal/node_modules/@dnd-kit/core/dist/hooks/utilities/useCachedNode.d.ts
C:/Users/Zak/Downloads/Highlights/bloomberg-terminal/node_modules/@dnd-kit/core/dist/hooks/utilities/useSyntheticListeners.d.ts
C:/Users/Zak/Downloads/Highlights/bloomberg-terminal/node_modules/@dnd-kit/core/dist/hooks/utilities/useCombineActivators.d.ts
C:/Users/Zak/Downloads/Highlights/bloomberg-terminal/node_modules/@dnd-kit/core/dist/hooks/utilities/useDroppableMeasuring.d.ts
C:/Users/Zak/Downloads/Highlights/bloomberg-terminal/node_modules/@dnd-kit/core/dist/hooks/utilities/useInitialValue.d.ts
C:/Users/Zak/Downloads/Highlights/bloomberg-terminal/node_modules/@dnd-kit/core/dist/hooks/utilities/useInitialRect.d.ts
C:/Users/Zak/Downloads/Highlights/bloomberg-terminal/node_modules/@dnd-kit/core/dist/hooks/utilities/useRect.d.ts
C:/Users/Zak/Downloads/Highlights/bloomberg-terminal/node_modules/@dnd-kit/core/dist/hooks/utilities/useRectDelta.d.ts
C:/Users/Zak/Downloads/Highlights/bloomberg-terminal/node_modules/@dnd-kit/core/dist/hooks/utilities/useResizeObserver.d.ts
C:/Users/Zak/Downloads/Highlights/bloomberg-terminal/node_modules/@dnd-kit/core/dist/hooks/utilities/useScrollableAncestors.d.ts
C:/Users/Zak/Downloads/Highlights/bloomberg-terminal/node_modules/@dnd-kit/core/dist/hooks/utilities/useScrollIntoViewIfNeeded.d.ts
C:/Users/Zak/Downloads/Highlights/bloomberg-terminal/node_modules/@dnd-kit/core/dist/hooks/utilities/useScrollOffsets.d.ts
C:/Users/Zak/Downloads/Highlights/bloomberg-terminal/node_modules/@dnd-kit/core/dist/hooks/utilities/useScrollOffsetsDelta.d.ts
C:/Users/Zak/Downloads/Highlights/bloomberg-terminal/node_modules/@dnd-kit/core/dist/hooks/utilities/useSensorSetup.d.ts
C:/Users/Zak/Downloads/Highlights/bloomberg-terminal/node_modules/@dnd-kit/core/dist/hooks/utilities/useRects.d.ts
C:/Users/Zak/Downloads/Highlights/bloomberg-terminal/node_modules/@dnd-kit/core/dist/hooks/utilities/useWindowRect.d.ts
C:/Users/Zak/Downloads/Highlights/bloomberg-terminal/node_modules/@dnd-kit/core/dist/hooks/utilities/useDragOverlayMeasuring.d.ts
C:/Users/Zak/Downloads/Highlights/bloomberg-terminal/node_modules/@dnd-kit/core/dist/hooks/utilities/index.d.ts
C:/Users/Zak/Downloads/Highlights/bloomberg-terminal/node_modules/@dnd-kit/core/dist/store/constructors.d.ts
C:/Users/Zak/Downloads/Highlights/bloomberg-terminal/node_modules/@dnd-kit/core/dist/store/types.d.ts
C:/Users/Zak/Downloads/Highlights/bloomberg-terminal/node_modules/@dnd-kit/core/dist/store/actions.d.ts
C:/Users/Zak/Downloads/Highlights/bloomberg-terminal/node_modules/@dnd-kit/core/dist/store/context.d.ts
C:/Users/Zak/Downloads/Highlights/bloomberg-terminal/node_modules/@dnd-kit/core/dist/store/reducer.d.ts
C:/Users/Zak/Downloads/Highlights/bloomberg-terminal/node_modules/@dnd-kit/core/dist/store/index.d.ts
C:/Users/Zak/Downloads/Highlights/bloomberg-terminal/node_modules/@dnd-kit/core/dist/components/Accessibility/types.d.ts
C:/Users/Zak/Downloads/Highlights/bloomberg-terminal/node_modules/@dnd-kit/core/dist/components/Accessibility/Accessibility.d.ts
C:/Users/Zak/Downloads/Highlights/bloomberg-terminal/node_modules/@dnd-kit/core/dist/components/Accessibility/components/RestoreFocus.d.ts
C:/Users/Zak/Downloads/Highlights/bloomberg-terminal/node_modules/@dnd-kit/core/dist/components/Accessibility/components/index.d.ts
C:/Users/Zak/Downloads/Highlights/bloomberg-terminal/node_modules/@dnd-kit/core/dist/components/Accessibility/defaults.d.ts
C:/Users/Zak/Downloads/Highlights/bloomberg-terminal/node_modules/@dnd-kit/core/dist/components/Accessibility/index.d.ts
C:/Users/Zak/Downloads/Highlights/bloomberg-terminal/node_modules/@dnd-kit/core/dist/utilities/coordinates/constants.d.ts
C:/Users/Zak/Downloads/Highlights/bloomberg-terminal/node_modules/@dnd-kit/core/dist/utilities/coordinates/distanceBetweenPoints.d.ts
C:/Users/Zak/Downloads/Highlights/bloomberg-terminal/node_modules/@dnd-kit/core/dist/utilities/coordinates/getRelativeTransformOrigin.d.ts
C:/Users/Zak/Downloads/Highlights/bloomberg-terminal/node_modules/@dnd-kit/core/dist/utilities/coordinates/index.d.ts
C:/Users/Zak/Downloads/Highlights/bloomberg-terminal/node_modules/@dnd-kit/core/dist/utilities/rect/adjustScale.d.ts
C:/Users/Zak/Downloads/Highlights/bloomberg-terminal/node_modules/@dnd-kit/core/dist/utilities/rect/getRectDelta.d.ts
C:/Users/Zak/Downloads/Highlights/bloomberg-terminal/node_modules/@dnd-kit/core/dist/utilities/rect/rectAdjustment.d.ts
C:/Users/Zak/Downloads/Highlights/bloomberg-terminal/node_modules/@dnd-kit/core/dist/utilities/rect/getRect.d.ts
C:/Users/Zak/Downloads/Highlights/bloomberg-terminal/node_modules/@dnd-kit/core/dist/utilities/rect/getWindowClientRect.d.ts
C:/Users/Zak/Downloads/Highlights/bloomberg-terminal/node_modules/@dnd-kit/core/dist/utilities/rect/Rect.d.ts
C:/Users/Zak/Downloads/Highlights/bloomberg-terminal/node_modules/@dnd-kit/core/dist/utilities/rect/index.d.ts
C:/Users/Zak/Downloads/Highlights/bloomberg-terminal/node_modules/@dnd-kit/core/dist/utilities/other/noop.d.ts
C:/Users/Zak/Downloads/Highlights/bloomberg-terminal/node_modules/@dnd-kit/core/dist/utilities/other/index.d.ts
C:/Users/Zak/Downloads/Highlights/bloomberg-terminal/node_modules/@dnd-kit/core/dist/utilities/scroll/getScrollableAncestors.d.ts
C:/Users/Zak/Downloads/Highlights/bloomberg-terminal/node_modules/@dnd-kit/core/dist/utilities/scroll/getScrollableElement.d.ts
C:/Users/Zak/Downloads/Highlights/bloomberg-terminal/node_modules/@dnd-kit/core/dist/utilities/scroll/getScrollCoordinates.d.ts
C:/Users/Zak/Downloads/Highlights/bloomberg-terminal/node_modules/@dnd-kit/core/dist/utilities/scroll/getScrollDirectionAndSpeed.d.ts
C:/Users/Zak/Downloads/Highlights/bloomberg-terminal/node_modules/@dnd-kit/core/dist/utilities/scroll/getScrollElementRect.d.ts
C:/Users/Zak/Downloads/Highlights/bloomberg-terminal/node_modules/@dnd-kit/core/dist/utilities/scroll/getScrollOffsets.d.ts
C:/Users/Zak/Downloads/Highlights/bloomberg-terminal/node_modules/@dnd-kit/core/dist/utilities/scroll/getScrollPosition.d.ts
C:/Users/Zak/Downloads/Highlights/bloomberg-terminal/node_modules/@dnd-kit/core/dist/utilities/scroll/documentScrollingElement.d.ts
C:/Users/Zak/Downloads/Highlights/bloomberg-terminal/node_modules/@dnd-kit/core/dist/utilities/scroll/isScrollable.d.ts
C:/Users/Zak/Downloads/Highlights/bloomberg-terminal/node_modules/@dnd-kit/core/dist/utilities/scroll/scrollIntoViewIfNeeded.d.ts
C:/Users/Zak/Downloads/Highlights/bloomberg-terminal/node_modules/@dnd-kit/core/dist/utilities/scroll/index.d.ts
C:/Users/Zak/Downloads/Highlights/bloomberg-terminal/node_modules/@dnd-kit/core/dist/utilities/index.d.ts
C:/Users/Zak/Downloads/Highlights/bloomberg-terminal/node_modules/@dnd-kit/core/dist/modifiers/types.d.ts
C:/Users/Zak/Downloads/Highlights/bloomberg-terminal/node_modules/@dnd-kit/core/dist/modifiers/applyModifiers.d.ts
C:/Users/Zak/Downloads/Highlights/bloomberg-terminal/node_modules/@dnd-kit/core/dist/modifiers/index.d.ts
C:/Users/Zak/Downloads/Highlights/bloomberg-terminal/node_modules/@dnd-kit/core/dist/components/DndContext/types.d.ts
C:/Users/Zak/Downloads/Highlights/bloomberg-terminal/node_modules/@dnd-kit/core/dist/components/DndContext/DndContext.d.ts
C:/Users/Zak/Downloads/Highlights/bloomberg-terminal/node_modules/@dnd-kit/core/dist/components/DndContext/index.d.ts
C:/Users/Zak/Downloads/Highlights/bloomberg-terminal/node_modules/@dnd-kit/core/dist/components/DndMonitor/types.d.ts
C:/Users/Zak/Downloads/Highlights/bloomberg-terminal/node_modules/@dnd-kit/core/dist/components/DndMonitor/context.d.ts
C:/Users/Zak/Downloads/Highlights/bloomberg-terminal/node_modules/@dnd-kit/core/dist/components/DndMonitor/useDndMonitor.d.ts
C:/Users/Zak/Downloads/Highlights/bloomberg-terminal/node_modules/@dnd-kit/core/dist/components/DndMonitor/useDndMonitorProvider.d.ts
C:/Users/Zak/Downloads/Highlights/bloomberg-terminal/node_modules/@dnd-kit/core/dist/components/DndMonitor/index.d.ts
C:/Users/Zak/Downloads/Highlights/bloomberg-terminal/node_modules/@dnd-kit/core/dist/components/DragOverlay/components/AnimationManager/AnimationManager.d.ts
C:/Users/Zak/Downloads/Highlights/bloomberg-terminal/node_modules/@dnd-kit/core/dist/components/DragOverlay/components/AnimationManager/index.d.ts
C:/Users/Zak/Downloads/Highlights/bloomberg-terminal/node_modules/@dnd-kit/core/dist/components/DragOverlay/components/NullifiedContextProvider/NullifiedContextProvider.d.ts
C:/Users/Zak/Downloads/Highlights/bloomberg-terminal/node_modules/@dnd-kit/core/dist/components/DragOverlay/components/NullifiedContextProvider/index.d.ts
C:/Users/Zak/Downloads/Highlights/bloomberg-terminal/node_modules/@dnd-kit/core/dist/components/DragOverlay/components/PositionedOverlay/PositionedOverlay.d.ts
C:/Users/Zak/Downloads/Highlights/bloomberg-terminal/node_modules/@dnd-kit/core/dist/components/DragOverlay/components/PositionedOverlay/index.d.ts
C:/Users/Zak/Downloads/Highlights/bloomberg-terminal/node_modules/@dnd-kit/core/dist/components/DragOverlay/components/index.d.ts
C:/Users/Zak/Downloads/Highlights/bloomberg-terminal/node_modules/@dnd-kit/core/dist/components/DragOverlay/hooks/useDropAnimation.d.ts
C:/Users/Zak/Downloads/Highlights/bloomberg-terminal/node_modules/@dnd-kit/core/dist/components/DragOverlay/hooks/useKey.d.ts
C:/Users/Zak/Downloads/Highlights/bloomberg-terminal/node_modules/@dnd-kit/core/dist/components/DragOverlay/hooks/index.d.ts
C:/Users/Zak/Downloads/Highlights/bloomberg-terminal/node_modules/@dnd-kit/core/dist/components/DragOverlay/DragOverlay.d.ts
C:/Users/Zak/Downloads/Highlights/bloomberg-terminal/node_modules/@dnd-kit/core/dist/components/DragOverlay/index.d.ts
C:/Users/Zak/Downloads/Highlights/bloomberg-terminal/node_modules/@dnd-kit/core/dist/components/index.d.ts
C:/Users/Zak/Downloads/Highlights/bloomberg-terminal/node_modules/@dnd-kit/core/dist/hooks/useDraggable.d.ts
C:/Users/Zak/Downloads/Highlights/bloomberg-terminal/node_modules/@dnd-kit/core/dist/hooks/useDndContext.d.ts
C:/Users/Zak/Downloads/Highlights/bloomberg-terminal/node_modules/@dnd-kit/core/dist/hooks/useDroppable.d.ts
C:/Users/Zak/Downloads/Highlights/bloomberg-terminal/node_modules/@dnd-kit/core/dist/hooks/index.d.ts
C:/Users/Zak/Downloads/Highlights/bloomberg-terminal/node_modules/@dnd-kit/core/dist/index.d.ts
C:/Users/Zak/Downloads/Highlights/bloomberg-terminal/node_modules/@dnd-kit/sortable/dist/types/disabled.d.ts
C:/Users/Zak/Downloads/Highlights/bloomberg-terminal/node_modules/@dnd-kit/sortable/dist/types/data.d.ts
C:/Users/Zak/Downloads/Highlights/bloomberg-terminal/node_modules/@dnd-kit/sortable/dist/types/strategies.d.ts
C:/Users/Zak/Downloads/Highlights/bloomberg-terminal/node_modules/@dnd-kit/sortable/dist/types/type-guard.d.ts
C:/Users/Zak/Downloads/Highlights/bloomberg-terminal/node_modules/@dnd-kit/sortable/dist/types/index.d.ts
C:/Users/Zak/Downloads/Highlights/bloomberg-terminal/node_modules/@dnd-kit/sortable/dist/components/SortableContext.d.ts
C:/Users/Zak/Downloads/Highlights/bloomberg-terminal/node_modules/@dnd-kit/sortable/dist/components/index.d.ts
C:/Users/Zak/Downloads/Highlights/bloomberg-terminal/node_modules/@dnd-kit/sortable/dist/hooks/types.d.ts
C:/Users/Zak/Downloads/Highlights/bloomberg-terminal/node_modules/@dnd-kit/sortable/dist/hooks/useSortable.d.ts
C:/Users/Zak/Downloads/Highlights/bloomberg-terminal/node_modules/@dnd-kit/sortable/dist/hooks/defaults.d.ts
C:/Users/Zak/Downloads/Highlights/bloomberg-terminal/node_modules/@dnd-kit/sortable/dist/hooks/index.d.ts
C:/Users/Zak/Downloads/Highlights/bloomberg-terminal/node_modules/@dnd-kit/sortable/dist/strategies/horizontalListSorting.d.ts
C:/Users/Zak/Downloads/Highlights/bloomberg-terminal/node_modules/@dnd-kit/sortable/dist/strategies/rectSorting.d.ts
C:/Users/Zak/Downloads/Highlights/bloomberg-terminal/node_modules/@dnd-kit/sortable/dist/strategies/rectSwapping.d.ts
C:/Users/Zak/Downloads/Highlights/bloomberg-terminal/node_modules/@dnd-kit/sortable/dist/strategies/verticalListSorting.d.ts
C:/Users/Zak/Downloads/Highlights/bloomberg-terminal/node_modules/@dnd-kit/sortable/dist/strategies/index.d.ts
C:/Users/Zak/Downloads/Highlights/bloomberg-terminal/node_modules/@dnd-kit/sortable/dist/sensors/keyboard/sortableKeyboardCoordinates.d.ts
C:/Users/Zak/Downloads/Highlights/bloomberg-terminal/node_modules/@dnd-kit/sortable/dist/sensors/keyboard/index.d.ts
C:/Users/Zak/Downloads/Highlights/bloomberg-terminal/node_modules/@dnd-kit/sortable/dist/sensors/index.d.ts
C:/Users/Zak/Downloads/Highlights/bloomberg-terminal/node_modules/@dnd-kit/sortable/dist/utilities/arrayMove.d.ts
C:/Users/Zak/Downloads/Highlights/bloomberg-terminal/node_modules/@dnd-kit/sortable/dist/utilities/arraySwap.d.ts
C:/Users/Zak/Downloads/Highlights/bloomberg-terminal/node_modules/@dnd-kit/sortable/dist/utilities/getSortedRects.d.ts
C:/Users/Zak/Downloads/Highlights/bloomberg-terminal/node_modules/@dnd-kit/sortable/dist/utilities/isValidIndex.d.ts
C:/Users/Zak/Downloads/Highlights/bloomberg-terminal/node_modules/@dnd-kit/sortable/dist/utilities/itemsEqual.d.ts
C:/Users/Zak/Downloads/Highlights/bloomberg-terminal/node_modules/@dnd-kit/sortable/dist/utilities/normalizeDisabled.d.ts
C:/Users/Zak/Downloads/Highlights/bloomberg-terminal/node_modules/@dnd-kit/sortable/dist/utilities/index.d.ts
C:/Users/Zak/Downloads/Highlights/bloomberg-terminal/node_modules/@dnd-kit/sortable/dist/index.d.ts
C:/Users/Zak/Downloads/Highlights/bloomberg-terminal/src/components/ui/SortableItem.tsx
C:/Users/Zak/Downloads/Highlights/bloomberg-terminal/src/components/ui/button.tsx
C:/Users/Zak/Downloads/Highlights/bloomberg-terminal/src/components/ui/card.tsx
C:/Users/Zak/Downloads/Highlights/bloomberg-terminal/src/components/ui/input.tsx
C:/Users/Zak/Downloads/Highlights/bloomberg-terminal/.next/types/validator.ts
C:/Users/Zak/Downloads/Highlights/bloomberg-terminal/node_modules/@types/accepts/index.d.ts
C:/Users/Zak/Downloads/Highlights/bloomberg-terminal/node_modules/@types/aws-lambda/common/api-gateway.d.ts
C:/Users/Zak/Downloads/Highlights/bloomberg-terminal/node_modules/@types/aws-lambda/common/cloudfront.d.ts
C:/Users/Zak/Downloads/Highlights/bloomberg-terminal/node_modules/@types/aws-lambda/handler.d.ts
C:/Users/Zak/Downloads/Highlights/bloomberg-terminal/node_modules/@types/aws-lambda/trigger/alb.d.ts
C:/Users/Zak/Downloads/Highlights/bloomberg-terminal/node_modules/@types/aws-lambda/trigger/api-gateway-proxy.d.ts
C:/Users/Zak/Downloads/Highlights/bloomberg-terminal/node_modules/@types/aws-lambda/trigger/api-gateway-authorizer.d.ts
C:/Users/Zak/Downloads/Highlights/bloomberg-terminal/node_modules/@types/aws-lambda/trigger/appsync-resolver.d.ts
C:/Users/Zak/Downloads/Highlights/bloomberg-terminal/node_modules/@types/aws-lambda/trigger/autoscaling.d.ts
C:/Users/Zak/Downloads/Highlights/bloomberg-terminal/node_modules/@types/aws-lambda/trigger/cloudformation-custom-resource.d.ts
C:/Users/Zak/Downloads/Highlights/bloomberg-terminal/node_modules/@types/aws-lambda/trigger/cdk-custom-resource.d.ts
C:/Users/Zak/Downloads/Highlights/bloomberg-terminal/node_modules/@types/aws-lambda/trigger/cloudfront-request.d.ts
C:/Users/Zak/Downloads/Highlights/bloomberg-terminal/node_modules/@types/aws-lambda/trigger/cloudfront-response.d.ts
C:/Users/Zak/Downloads/Highlights/bloomberg-terminal/node_modules/@types/aws-lambda/trigger/cloudwatch-alarm.d.ts
C:/Users/Zak/Downloads/Highlights/bloomberg-terminal/node_modules/@types/aws-lambda/trigger/eventbridge.d.ts
C:/Users/Zak/Downloads/Highlights/bloomberg-terminal/node_modules/@types/aws-lambda/trigger/cloudwatch-events.d.ts
C:/Users/Zak/Downloads/Highlights/bloomberg-terminal/node_modules/@types/aws-lambda/trigger/cloudwatch-logs.d.ts
C:/Users/Zak/Downloads/Highlights/bloomberg-terminal/node_modules/@types/aws-lambda/trigger/codebuild-cloudwatch-state.d.ts
C:/Users/Zak/Downloads/Highlights/bloomberg-terminal/node_modules/@types/aws-lambda/trigger/codecommit.d.ts
C:/Users/Zak/Downloads/Highlights/bloomberg-terminal/node_modules/@types/aws-lambda/trigger/codepipeline.d.ts
C:/Users/Zak/Downloads/Highlights/bloomberg-terminal/node_modules/@types/aws-lambda/trigger/codepipeline-cloudwatch-action.d.ts
C:/Users/Zak/Downloads/Highlights/bloomberg-terminal/node_modules/@types/aws-lambda/trigger/codepipeline-cloudwatch-pipeline.d.ts
C:/Users/Zak/Downloads/Highlights/bloomberg-terminal/node_modules/@types/aws-lambda/trigger/codepipeline-cloudwatch-stage.d.ts
C:/Users/Zak/Downloads/Highlights/bloomberg-terminal/node_modules/@types/aws-lambda/trigger/codepipeline-cloudwatch.d.ts
C:/Users/Zak/Downloads/Highlights/bloomberg-terminal/node_modules/@types/aws-lambda/trigger/cognito-user-pool-trigger/_common.d.ts
C:/Users/Zak/Downloads/Highlights/bloomberg-terminal/node_modules/@types/aws-lambda/trigger/cognito-user-pool-trigger/create-auth-challenge.d.ts
C:/Users/Zak/Downloads/Highlights/bloomberg-terminal/node_modules/@types/aws-lambda/trigger/cognito-user-pool-trigger/custom-email-sender.d.ts
C:/Users/Zak/Downloads/Highlights/bloomberg-terminal/node_modules/@types/aws-lambda/trigger/cognito-user-pool-trigger/custom-message.d.ts
C:/Users/Zak/Downloads/Highlights/bloomberg-terminal/node_modules/@types/aws-lambda/trigger/cognito-user-pool-trigger/custom-sms-sender.d.ts
C:/Users/Zak/Downloads/Highlights/bloomberg-terminal/node_modules/@types/aws-lambda/trigger/cognito-user-pool-trigger/define-auth-challenge.d.ts
C:/Users/Zak/Downloads/Highlights/bloomberg-terminal/node_modules/@types/aws-lambda/trigger/cognito-user-pool-trigger/post-authentication.d.ts
C:/Users/Zak/Downloads/Highlights/bloomberg-terminal/node_modules/@types/aws-lambda/trigger/cognito-user-pool-trigger/post-confirmation.d.ts
C:/Users/Zak/Downloads/Highlights/bloomberg-terminal/node_modules/@types/aws-lambda/trigger/cognito-user-pool-trigger/pre-authentication.d.ts
C:/Users/Zak/Downloads/Highlights/bloomberg-terminal/node_modules/@types/aws-lambda/trigger/cognito-user-pool-trigger/pre-signup.d.ts
C:/Users/Zak/Downloads/Highlights/bloomberg-terminal/node_modules/@types/aws-lambda/trigger/cognito-user-pool-trigger/pre-token-generation.d.ts
C:/Users/Zak/Downloads/Highlights/bloomberg-terminal/node_modules/@types/aws-lambda/trigger/cognito-user-pool-trigger/pre-token-generation-v2.d.ts
C:/Users/Zak/Downloads/Highlights/bloomberg-terminal/node_modules/@types/aws-lambda/trigger/cognito-user-pool-trigger/user-migration.d.ts
C:/Users/Zak/Downloads/Highlights/bloomberg-terminal/node_modules/@types/aws-lambda/trigger/cognito-user-pool-trigger/verify-auth-challenge-response.d.ts
C:/Users/Zak/Downloads/Highlights/bloomberg-terminal/node_modules/@types/aws-lambda/trigger/cognito-user-pool-trigger/index.d.ts
C:/Users/Zak/Downloads/Highlights/bloomberg-terminal/node_modules/@types/aws-lambda/trigger/connect-contact-flow.d.ts
C:/Users/Zak/Downloads/Highlights/bloomberg-terminal/node_modules/@types/aws-lambda/trigger/dynamodb-stream.d.ts
C:/Users/Zak/Downloads/Highlights/bloomberg-terminal/node_modules/@types/aws-lambda/trigger/guard-duty-event-notification.d.ts
C:/Users/Zak/Downloads/Highlights/bloomberg-terminal/node_modules/@types/aws-lambda/trigger/iot.d.ts
C:/Users/Zak/Downloads/Highlights/bloomberg-terminal/node_modules/@types/aws-lambda/trigger/iot-authorizer.d.ts
C:/Users/Zak/Downloads/Highlights/bloomberg-terminal/node_modules/@types/aws-lambda/trigger/kinesis-firehose-transformation.d.ts
C:/Users/Zak/Downloads/Highlights/bloomberg-terminal/node_modules/@types/aws-lambda/trigger/kinesis-stream.d.ts
C:/Users/Zak/Downloads/Highlights/bloomberg-terminal/node_modules/@types/aws-lambda/trigger/lambda-function-url.d.ts
C:/Users/Zak/Downloads/Highlights/bloomberg-terminal/node_modules/@types/aws-lambda/trigger/lex.d.ts
C:/Users/Zak/Downloads/Highlights/bloomberg-terminal/node_modules/@types/aws-lambda/trigger/lex-v2.d.ts
C:/Users/Zak/Downloads/Highlights/bloomberg-terminal/node_modules/@types/aws-lambda/trigger/amplify-resolver.d.ts
C:/Users/Zak/Downloads/Highlights/bloomberg-terminal/node_modules/@types/aws-lambda/trigger/msk.d.ts
C:/Users/Zak/Downloads/Highlights/bloomberg-terminal/node_modules/@types/aws-lambda/trigger/s3.d.ts
C:/Users/Zak/Downloads/Highlights/bloomberg-terminal/node_modules/@types/aws-lambda/trigger/s3-batch.d.ts
C:/Users/Zak/Downloads/Highlights/bloomberg-terminal/node_modules/@types/aws-lambda/trigger/s3-event-notification.d.ts
C:/Users/Zak/Downloads/Highlights/bloomberg-terminal/node_modules/@types/aws-lambda/trigger/secretsmanager.d.ts
C:/Users/Zak/Downloads/Highlights/bloomberg-terminal/node_modules/@types/aws-lambda/trigger/self-managed-kafka.d.ts
C:/Users/Zak/Downloads/Highlights/bloomberg-terminal/node_modules/@types/aws-lambda/trigger/ses.d.ts
C:/Users/Zak/Downloads/Highlights/bloomberg-terminal/node_modules/@types/aws-lambda/trigger/sns.d.ts
C:/Users/Zak/Downloads/Highlights/bloomberg-terminal/node_modules/@types/aws-lambda/trigger/sqs.d.ts
C:/Users/Zak/Downloads/Highlights/bloomberg-terminal/node_modules/@types/aws-lambda/trigger/transfer-family-authorizer.d.ts
C:/Users/Zak/Downloads/Highlights/bloomberg-terminal/node_modules/@types/aws-lambda/index.d.ts
C:/Users/Zak/Downloads/Highlights/bloomberg-terminal/node_modules/@babel/types/lib/index.d.ts
C:/Users/Zak/Downloads/Highlights/bloomberg-terminal/node_modules/@types/babel__generator/index.d.ts
C:/Users/Zak/Downloads/Highlights/bloomberg-terminal/node_modules/@babel/parser/typings/babel-parser.d.ts
C:/Users/Zak/Downloads/Highlights/bloomberg-terminal/node_modules/@types/babel__template/index.d.ts
C:/Users/Zak/Downloads/Highlights/bloomberg-terminal/node_modules/@types/babel__traverse/index.d.ts
C:/Users/Zak/Downloads/Highlights/bloomberg-terminal/node_modules/@types/babel__core/index.d.ts
C:/Users/Zak/Downloads/Highlights/bloomberg-terminal/node_modules/@types/bcryptjs/index.d.ts
C:/Users/Zak/Downloads/Highlights/bloomberg-terminal/node_modules/@types/bonjour/index.d.ts
C:/Users/Zak/Downloads/Highlights/bloomberg-terminal/node_modules/@types/bunyan/index.d.ts
C:/Users/Zak/Downloads/Highlights/bloomberg-terminal/node_modules/keyv/src/index.d.ts
C:/Users/Zak/Downloads/Highlights/bloomberg-terminal/node_modules/@types/http-cache-semantics/index.d.ts
C:/Users/Zak/Downloads/Highlights/bloomberg-terminal/node_modules/@types/responselike/index.d.ts
C:/Users/Zak/Downloads/Highlights/bloomberg-terminal/node_modules/@types/cacheable-request/index.d.ts
C:/Users/Zak/Downloads/Highlights/bloomberg-terminal/node_modules/@types/caseless/index.d.ts
C:/Users/Zak/Downloads/Highlights/bloomberg-terminal/node_modules/@types/cli-progress/index.d.ts
C:/Users/Zak/Downloads/Highlights/bloomberg-terminal/node_modules/@types/connect-history-api-fallback/index.d.ts
C:/Users/Zak/Downloads/Highlights/bloomberg-terminal/node_modules/@types/content-disposition/index.d.ts
C:/Users/Zak/Downloads/Highlights/bloomberg-terminal/node_modules/@types/conventional-commits-parser/index.d.ts
C:/Users/Zak/Downloads/Highlights/bloomberg-terminal/node_modules/@types/cookie/index.d.ts
C:/Users/Zak/Downloads/Highlights/bloomberg-terminal/node_modules/@types/cookie-parser/index.d.ts
C:/Users/Zak/Downloads/Highlights/bloomberg-terminal/node_modules/@types/keygrip/index.d.ts
C:/Users/Zak/Downloads/Highlights/bloomberg-terminal/node_modules/@types/cookies/index.d.ts
C:/Users/Zak/Downloads/Highlights/bloomberg-terminal/node_modules/@types/debug/index.d.ts
C:/Users/Zak/Downloads/Highlights/bloomberg-terminal/node_modules/@types/trusted-types/lib/index.d.ts
C:/Users/Zak/Downloads/Highlights/bloomberg-terminal/node_modules/@types/trusted-types/index.d.ts
C:/Users/Zak/Downloads/Highlights/bloomberg-terminal/node_modules/@types/dompurify/index.d.ts
C:/Users/Zak/Downloads/Highlights/bloomberg-terminal/node_modules/@types/draco3d/index.d.ts
C:/Users/Zak/Downloads/Highlights/bloomberg-terminal/node_modules/@types/emscripten/index.d.ts
C:/Users/Zak/Downloads/Highlights/bloomberg-terminal/node_modules/@types/estree/index.d.ts
C:/Users/Zak/Downloads/Highlights/bloomberg-terminal/node_modules/@types/estree-jsx/index.d.ts
C:/Users/Zak/Downloads/Highlights/bloomberg-terminal/node_modules/@types/express-rate-limit/index.d.ts
C:/Users/Zak/Downloads/Highlights/bloomberg-terminal/node_modules/@types/express-session/index.d.ts
C:/Users/Zak/Downloads/Highlights/bloomberg-terminal/node_modules/@types/geojson-vt/index.d.ts
C:/Users/Zak/Downloads/Highlights/bloomberg-terminal/node_modules/@types/unist/index.d.ts
C:/Users/Zak/Downloads/Highlights/bloomberg-terminal/node_modules/@types/hast/index.d.ts
C:/Users/Zak/Downloads/Highlights/bloomberg-terminal/node_modules/@types/hoist-non-react-statics/index.d.ts
C:/Users/Zak/Downloads/Highlights/bloomberg-terminal/node_modules/@types/html-minifier-terser/index.d.ts
C:/Users/Zak/Downloads/Highlights/bloomberg-terminal/node_modules/@types/http-assert/index.d.ts
C:/Users/Zak/Downloads/Highlights/bloomberg-terminal/node_modules/@types/http-proxy/index.d.ts
C:/Users/Zak/Downloads/Highlights/bloomberg-terminal/node_modules/@types/istanbul-lib-coverage/index.d.ts
C:/Users/Zak/Downloads/Highlights/bloomberg-terminal/node_modules/@types/istanbul-lib-report/index.d.ts
C:/Users/Zak/Downloads/Highlights/bloomberg-terminal/node_modules/@types/istanbul-reports/index.d.ts
C:/Users/Zak/Downloads/Highlights/bloomberg-terminal/node_modules/@types/js-cookie/index.d.ts
C:/Users/Zak/Downloads/Highlights/bloomberg-terminal/node_modules/parse5/dist/common/html.d.ts
C:/Users/Zak/Downloads/Highlights/bloomberg-terminal/node_modules/parse5/dist/common/token.d.ts
C:/Users/Zak/Downloads/Highlights/bloomberg-terminal/node_modules/parse5/dist/common/error-codes.d.ts
C:/Users/Zak/Downloads/Highlights/bloomberg-terminal/node_modules/parse5/dist/tokenizer/preprocessor.d.ts
C:/Users/Zak/Downloads/Highlights/bloomberg-terminal/node_modules/entities/dist/esm/generated/decode-data-html.d.ts
C:/Users/Zak/Downloads/Highlights/bloomberg-terminal/node_modules/entities/dist/esm/generated/decode-data-xml.d.ts
C:/Users/Zak/Downloads/Highlights/bloomberg-terminal/node_modules/entities/dist/esm/decode-codepoint.d.ts
C:/Users/Zak/Downloads/Highlights/bloomberg-terminal/node_modules/entities/dist/esm/decode.d.ts
C:/Users/Zak/Downloads/Highlights/bloomberg-terminal/node_modules/parse5/dist/tokenizer/index.d.ts
C:/Users/Zak/Downloads/Highlights/bloomberg-terminal/node_modules/parse5/dist/tree-adapters/interface.d.ts
C:/Users/Zak/Downloads/Highlights/bloomberg-terminal/node_modules/parse5/dist/parser/open-element-stack.d.ts
C:/Users/Zak/Downloads/Highlights/bloomberg-terminal/node_modules/parse5/dist/parser/formatting-element-list.d.ts
C:/Users/Zak/Downloads/Highlights/bloomberg-terminal/node_modules/parse5/dist/parser/index.d.ts
C:/Users/Zak/Downloads/Highlights/bloomberg-terminal/node_modules/parse5/dist/tree-adapters/default.d.ts
C:/Users/Zak/Downloads/Highlights/bloomberg-terminal/node_modules/parse5/dist/serializer/index.d.ts
C:/Users/Zak/Downloads/Highlights/bloomberg-terminal/node_modules/parse5/dist/common/foreign-content.d.ts
C:/Users/Zak/Downloads/Highlights/bloomberg-terminal/node_modules/parse5/dist/index.d.ts
C:/Users/Zak/Downloads/Highlights/bloomberg-terminal/node_modules/@types/tough-cookie/index.d.ts
C:/Users/Zak/Downloads/Highlights/bloomberg-terminal/node_modules/@types/jsdom/base.d.ts
C:/Users/Zak/Downloads/Highlights/bloomberg-terminal/node_modules/@types/jsdom/index.d.ts
C:/Users/Zak/Downloads/Highlights/bloomberg-terminal/node_modules/@types/json-schema/index.d.ts
C:/Users/Zak/Downloads/Highlights/bloomberg-terminal/node_modules/@types/json5/index.d.ts
C:/Users/Zak/Downloads/Highlights/bloomberg-terminal/node_modules/@types/keyv/index.d.ts
C:/Users/Zak/Downloads/Highlights/bloomberg-terminal/node_modules/@types/koa-compose/index.d.ts
C:/Users/Zak/Downloads/Highlights/bloomberg-terminal/node_modules/@types/koa/index.d.ts
C:/Users/Zak/Downloads/Highlights/bloomberg-terminal/node_modules/@types/lodash/common/common.d.ts
C:/Users/Zak/Downloads/Highlights/bloomberg-terminal/node_modules/@types/lodash/common/array.d.ts
C:/Users/Zak/Downloads/Highlights/bloomberg-terminal/node_modules/@types/lodash/common/collection.d.ts
C:/Users/Zak/Downloads/Highlights/bloomberg-terminal/node_modules/@types/lodash/common/date.d.ts
C:/Users/Zak/Downloads/Highlights/bloomberg-terminal/node_modules/@types/lodash/common/function.d.ts
C:/Users/Zak/Downloads/Highlights/bloomberg-terminal/node_modules/@types/lodash/common/lang.d.ts
C:/Users/Zak/Downloads/Highlights/bloomberg-terminal/node_modules/@types/lodash/common/math.d.ts
C:/Users/Zak/Downloads/Highlights/bloomberg-terminal/node_modules/@types/lodash/common/number.d.ts
C:/Users/Zak/Downloads/Highlights/bloomberg-terminal/node_modules/@types/lodash/common/object.d.ts
C:/Users/Zak/Downloads/Highlights/bloomberg-terminal/node_modules/@types/lodash/common/seq.d.ts
C:/Users/Zak/Downloads/Highlights/bloomberg-terminal/node_modules/@types/lodash/common/string.d.ts
C:/Users/Zak/Downloads/Highlights/bloomberg-terminal/node_modules/@types/lodash/common/util.d.ts
C:/Users/Zak/Downloads/Highlights/bloomberg-terminal/node_modules/@types/lodash/index.d.ts
C:/Users/Zak/Downloads/Highlights/bloomberg-terminal/node_modules/@types/long/index.d.ts
C:/Users/Zak/Downloads/Highlights/bloomberg-terminal/node_modules/@types/mapbox__point-geometry/index.d.ts
C:/Users/Zak/Downloads/Highlights/bloomberg-terminal/node_modules/@types/pbf/index.d.ts
C:/Users/Zak/Downloads/Highlights/bloomberg-terminal/node_modules/@types/mapbox__vector-tile/index.d.ts
C:/Users/Zak/Downloads/Highlights/bloomberg-terminal/node_modules/@types/mdast/index.d.ts
C:/Users/Zak/Downloads/Highlights/bloomberg-terminal/node_modules/@types/memcached/index.d.ts
C:/Users/Zak/Downloads/Highlights/bloomberg-terminal/node_modules/@types/minimatch/index.d.ts
C:/Users/Zak/Downloads/Highlights/bloomberg-terminal/node_modules/@types/minimist/index.d.ts
C:/Users/Zak/Downloads/Highlights/bloomberg-terminal/node_modules/@types/moo/index.d.ts
C:/Users/Zak/Downloads/Highlights/bloomberg-terminal/node_modules/@types/mysql/index.d.ts
C:/Users/Zak/Downloads/Highlights/bloomberg-terminal/node_modules/form-data/index.d.ts
C:/Users/Zak/Downloads/Highlights/bloomberg-terminal/node_modules/@types/node-fetch/externals.d.ts
C:/Users/Zak/Downloads/Highlights/bloomberg-terminal/node_modules/@types/node-fetch/index.d.ts
C:/Users/Zak/Downloads/Highlights/bloomberg-terminal/node_modules/@types/node-forge/index.d.ts
C:/Users/Zak/Downloads/Highlights/bloomberg-terminal/node_modules/@types/normalize-package-data/index.d.ts
C:/Users/Zak/Downloads/Highlights/bloomberg-terminal/node_modules/@types/notp/index.d.ts
C:/Users/Zak/Downloads/Highlights/bloomberg-terminal/node_modules/@types/offscreencanvas/index.d.ts
C:/Users/Zak/Downloads/Highlights/bloomberg-terminal/node_modules/@types/oracledb/index.d.ts
C:/Users/Zak/Downloads/Highlights/bloomberg-terminal/node_modules/@types/parse-json/index.d.ts
C:/Users/Zak/Downloads/Highlights/bloomberg-terminal/node_modules/@types/parse-path/index.d.ts
C:/Users/Zak/Downloads/Highlights/bloomberg-terminal/node_modules/@types/pegjs/index.d.ts
C:/Users/Zak/Downloads/Highlights/bloomberg-terminal/node_modules/pg-types/index.d.ts
C:/Users/Zak/Downloads/Highlights/bloomberg-terminal/node_modules/pg-protocol/dist/messages.d.ts
C:/Users/Zak/Downloads/Highlights/bloomberg-terminal/node_modules/pg-protocol/dist/serializer.d.ts
C:/Users/Zak/Downloads/Highlights/bloomberg-terminal/node_modules/pg-protocol/dist/parser.d.ts
C:/Users/Zak/Downloads/Highlights/bloomberg-terminal/node_modules/pg-protocol/dist/index.d.ts
C:/Users/Zak/Downloads/Highlights/bloomberg-terminal/node_modules/@types/pg/lib/type-overrides.d.ts
C:/Users/Zak/Downloads/Highlights/bloomberg-terminal/node_modules/@types/pg/index.d.ts
C:/Users/Zak/Downloads/Highlights/bloomberg-terminal/node_modules/@types/pg/index.d.mts
C:/Users/Zak/Downloads/Highlights/bloomberg-terminal/node_modules/@types/pg-pool/index.d.ts
C:/Users/Zak/Downloads/Highlights/bloomberg-terminal/node_modules/@types/phoenix/index.d.ts
C:/Users/Zak/Downloads/Highlights/bloomberg-terminal/node_modules/@types/react-reconciler/index.d.ts
C:/Users/Zak/Downloads/Highlights/bloomberg-terminal/node_modules/@types/react-redux/node_modules/redux/index.d.ts
C:/Users/Zak/Downloads/Highlights/bloomberg-terminal/node_modules/@types/react-redux/index.d.ts
C:/Users/Zak/Downloads/Highlights/bloomberg-terminal/node_modules/@types/react-transition-group/config.d.ts
C:/Users/Zak/Downloads/Highlights/bloomberg-terminal/node_modules/@types/react-transition-group/Transition.d.ts
C:/Users/Zak/Downloads/Highlights/bloomberg-terminal/node_modules/@types/react-transition-group/CSSTransition.d.ts
C:/Users/Zak/Downloads/Highlights/bloomberg-terminal/node_modules/@types/react-transition-group/SwitchTransition.d.ts
C:/Users/Zak/Downloads/Highlights/bloomberg-terminal/node_modules/@types/react-transition-group/TransitionGroup.d.ts
C:/Users/Zak/Downloads/Highlights/bloomberg-terminal/node_modules/@types/react-transition-group/index.d.ts
C:/Users/Zak/Downloads/Highlights/bloomberg-terminal/node_modules/@types/request/node_modules/form-data/index.d.ts
C:/Users/Zak/Downloads/Highlights/bloomberg-terminal/node_modules/@types/request/index.d.ts
C:/Users/Zak/Downloads/Highlights/bloomberg-terminal/node_modules/@types/retry/index.d.ts
C:/Users/Zak/Downloads/Highlights/bloomberg-terminal/node_modules/@types/seedrandom/index.d.ts
C:/Users/Zak/Downloads/Highlights/bloomberg-terminal/node_modules/@types/semver/classes/semver.d.ts
C:/Users/Zak/Downloads/Highlights/bloomberg-terminal/node_modules/@types/semver/functions/parse.d.ts
C:/Users/Zak/Downloads/Highlights/bloomberg-terminal/node_modules/@types/semver/functions/valid.d.ts
C:/Users/Zak/Downloads/Highlights/bloomberg-terminal/node_modules/@types/semver/functions/clean.d.ts
C:/Users/Zak/Downloads/Highlights/bloomberg-terminal/node_modules/@types/semver/functions/inc.d.ts
C:/Users/Zak/Downloads/Highlights/bloomberg-terminal/node_modules/@types/semver/functions/diff.d.ts
C:/Users/Zak/Downloads/Highlights/bloomberg-terminal/node_modules/@types/semver/functions/major.d.ts
C:/Users/Zak/Downloads/Highlights/bloomberg-terminal/node_modules/@types/semver/functions/minor.d.ts
C:/Users/Zak/Downloads/Highlights/bloomberg-terminal/node_modules/@types/semver/functions/patch.d.ts
C:/Users/Zak/Downloads/Highlights/bloomberg-terminal/node_modules/@types/semver/functions/prerelease.d.ts
C:/Users/Zak/Downloads/Highlights/bloomberg-terminal/node_modules/@types/semver/functions/compare.d.ts
C:/Users/Zak/Downloads/Highlights/bloomberg-terminal/node_modules/@types/semver/functions/rcompare.d.ts
C:/Users/Zak/Downloads/Highlights/bloomberg-terminal/node_modules/@types/semver/functions/compare-loose.d.ts
C:/Users/Zak/Downloads/Highlights/bloomberg-terminal/node_modules/@types/semver/functions/compare-build.d.ts
C:/Users/Zak/Downloads/Highlights/bloomberg-terminal/node_modules/@types/semver/functions/sort.d.ts
C:/Users/Zak/Downloads/Highlights/bloomberg-terminal/node_modules/@types/semver/functions/rsort.d.ts
C:/Users/Zak/Downloads/Highlights/bloomberg-terminal/node_modules/@types/semver/functions/gt.d.ts
C:/Users/Zak/Downloads/Highlights/bloomberg-terminal/node_modules/@types/semver/functions/lt.d.ts
C:/Users/Zak/Downloads/Highlights/bloomberg-terminal/node_modules/@types/semver/functions/eq.d.ts
C:/Users/Zak/Downloads/Highlights/bloomberg-terminal/node_modules/@types/semver/functions/neq.d.ts
C:/Users/Zak/Downloads/Highlights/bloomberg-terminal/node_modules/@types/semver/functions/gte.d.ts
C:/Users/Zak/Downloads/Highlights/bloomberg-terminal/node_modules/@types/semver/functions/lte.d.ts
C:/Users/Zak/Downloads/Highlights/bloomberg-terminal/node_modules/@types/semver/functions/cmp.d.ts
C:/Users/Zak/Downloads/Highlights/bloomberg-terminal/node_modules/@types/semver/functions/coerce.d.ts
C:/Users/Zak/Downloads/Highlights/bloomberg-terminal/node_modules/@types/semver/classes/comparator.d.ts
C:/Users/Zak/Downloads/Highlights/bloomberg-terminal/node_modules/@types/semver/classes/range.d.ts
C:/Users/Zak/Downloads/Highlights/bloomberg-terminal/node_modules/@types/semver/functions/satisfies.d.ts
C:/Users/Zak/Downloads/Highlights/bloomberg-terminal/node_modules/@types/semver/ranges/max-satisfying.d.ts
C:/Users/Zak/Downloads/Highlights/bloomberg-terminal/node_modules/@types/semver/ranges/min-satisfying.d.ts
C:/Users/Zak/Downloads/Highlights/bloomberg-terminal/node_modules/@types/semver/ranges/to-comparators.d.ts
C:/Users/Zak/Downloads/Highlights/bloomberg-terminal/node_modules/@types/semver/ranges/min-version.d.ts
C:/Users/Zak/Downloads/Highlights/bloomberg-terminal/node_modules/@types/semver/ranges/valid.d.ts
C:/Users/Zak/Downloads/Highlights/bloomberg-terminal/node_modules/@types/semver/ranges/outside.d.ts
C:/Users/Zak/Downloads/Highlights/bloomberg-terminal/node_modules/@types/semver/ranges/gtr.d.ts
C:/Users/Zak/Downloads/Highlights/bloomberg-terminal/node_modules/@types/semver/ranges/ltr.d.ts
C:/Users/Zak/Downloads/Highlights/bloomberg-terminal/node_modules/@types/semver/ranges/intersects.d.ts
C:/Users/Zak/Downloads/Highlights/bloomberg-terminal/node_modules/@types/semver/ranges/simplify.d.ts
C:/Users/Zak/Downloads/Highlights/bloomberg-terminal/node_modules/@types/semver/ranges/subset.d.ts
C:/Users/Zak/Downloads/Highlights/bloomberg-terminal/node_modules/@types/semver/internals/identifiers.d.ts
C:/Users/Zak/Downloads/Highlights/bloomberg-terminal/node_modules/@types/semver/index.d.ts
C:/Users/Zak/Downloads/Highlights/bloomberg-terminal/node_modules/@types/serve-index/index.d.ts
C:/Users/Zak/Downloads/Highlights/bloomberg-terminal/node_modules/@types/shimmer/index.d.ts
C:/Users/Zak/Downloads/Highlights/bloomberg-terminal/node_modules/@types/sinonjs__fake-timers/index.d.ts
C:/Users/Zak/Downloads/Highlights/bloomberg-terminal/node_modules/@types/sizzle/index.d.ts
C:/Users/Zak/Downloads/Highlights/bloomberg-terminal/node_modules/@types/sockjs/index.d.ts
C:/Users/Zak/Downloads/Highlights/bloomberg-terminal/node_modules/@types/stack-utils/index.d.ts
C:/Users/Zak/Downloads/Highlights/bloomberg-terminal/node_modules/@types/stats.js/index.d.ts
C:/Users/Zak/Downloads/Highlights/bloomberg-terminal/node_modules/@types/stylis/index.d.ts
C:/Users/Zak/Downloads/Highlights/bloomberg-terminal/node_modules/@types/supercluster/index.d.ts
C:/Users/Zak/Downloads/Highlights/bloomberg-terminal/node_modules/@types/tedious/index.d.ts
C:/Users/Zak/Downloads/Highlights/bloomberg-terminal/node_modules/@types/three/src/constants.d.ts
C:/Users/Zak/Downloads/Highlights/bloomberg-terminal/node_modules/@types/three/src/core/Layers.d.ts
C:/Users/Zak/Downloads/Highlights/bloomberg-terminal/node_modules/@types/three/src/math/Vector2.d.ts
C:/Users/Zak/Downloads/Highlights/bloomberg-terminal/node_modules/@types/three/src/math/Matrix3.d.ts
C:/Users/Zak/Downloads/Highlights/bloomberg-terminal/node_modules/@types/three/src/core/BufferAttribute.d.ts
C:/Users/Zak/Downloads/Highlights/bloomberg-terminal/node_modules/@types/three/src/core/InterleavedBuffer.d.ts
C:/Users/Zak/Downloads/Highlights/bloomberg-terminal/node_modules/@types/three/src/core/InterleavedBufferAttribute.d.ts
C:/Users/Zak/Downloads/Highlights/bloomberg-terminal/node_modules/@types/three/src/math/Quaternion.d.ts
C:/Users/Zak/Downloads/Highlights/bloomberg-terminal/node_modules/@types/three/src/math/Euler.d.ts
C:/Users/Zak/Downloads/Highlights/bloomberg-terminal/node_modules/@types/three/src/math/Matrix4.d.ts
C:/Users/Zak/Downloads/Highlights/bloomberg-terminal/node_modules/@types/three/src/math/Vector4.d.ts
C:/Users/Zak/Downloads/Highlights/bloomberg-terminal/node_modules/@types/three/src/cameras/Camera.d.ts
C:/Users/Zak/Downloads/Highlights/bloomberg-terminal/node_modules/@types/three/src/math/ColorManagement.d.ts
C:/Users/Zak/Downloads/Highlights/bloomberg-terminal/node_modules/@types/three/src/math/Color.d.ts
C:/Users/Zak/Downloads/Highlights/bloomberg-terminal/node_modules/@types/three/src/math/Cylindrical.d.ts
C:/Users/Zak/Downloads/Highlights/bloomberg-terminal/node_modules/@types/three/src/math/Spherical.d.ts
C:/Users/Zak/Downloads/Highlights/bloomberg-terminal/node_modules/@types/three/src/math/Vector3.d.ts
C:/Users/Zak/Downloads/Highlights/bloomberg-terminal/node_modules/@types/three/src/objects/Bone.d.ts
C:/Users/Zak/Downloads/Highlights/bloomberg-terminal/node_modules/@types/three/src/math/Interpolant.d.ts
C:/Users/Zak/Downloads/Highlights/bloomberg-terminal/node_modules/@types/three/src/math/interpolants/CubicInterpolant.d.ts
C:/Users/Zak/Downloads/Highlights/bloomberg-terminal/node_modules/@types/three/src/math/interpolants/DiscreteInterpolant.d.ts
C:/Users/Zak/Downloads/Highlights/bloomberg-terminal/node_modules/@types/three/src/math/interpolants/LinearInterpolant.d.ts
C:/Users/Zak/Downloads/Highlights/bloomberg-terminal/node_modules/@types/three/src/animation/KeyframeTrack.d.ts
C:/Users/Zak/Downloads/Highlights/bloomberg-terminal/node_modules/@types/three/src/animation/AnimationClip.d.ts
C:/Users/Zak/Downloads/Highlights/bloomberg-terminal/node_modules/@types/three/src/extras/core/Curve.d.ts
C:/Users/Zak/Downloads/Highlights/bloomberg-terminal/node_modules/@types/three/src/extras/core/CurvePath.d.ts
C:/Users/Zak/Downloads/Highlights/bloomberg-terminal/node_modules/@types/three/src/extras/core/Path.d.ts
C:/Users/Zak/Downloads/Highlights/bloomberg-terminal/node_modules/@types/three/src/extras/core/Shape.d.ts
C:/Users/Zak/Downloads/Highlights/bloomberg-terminal/node_modules/@types/three/src/math/Line3.d.ts
C:/Users/Zak/Downloads/Highlights/bloomberg-terminal/node_modules/@types/three/src/math/Sphere.d.ts
C:/Users/Zak/Downloads/Highlights/bloomberg-terminal/node_modules/@types/three/src/math/Plane.d.ts
C:/Users/Zak/Downloads/Highlights/bloomberg-terminal/node_modules/@types/three/src/math/Triangle.d.ts
C:/Users/Zak/Downloads/Highlights/bloomberg-terminal/node_modules/@types/three/src/math/Box3.d.ts
C:/Users/Zak/Downloads/Highlights/bloomberg-terminal/node_modules/@types/three/src/renderers/common/StorageBufferAttribute.d.ts
C:/Users/Zak/Downloads/Highlights/bloomberg-terminal/node_modules/@types/three/src/renderers/common/IndirectStorageBufferAttribute.d.ts
C:/Users/Zak/Downloads/Highlights/bloomberg-terminal/node_modules/@types/three/src/core/EventDispatcher.d.ts
C:/Users/Zak/Downloads/Highlights/bloomberg-terminal/node_modules/@types/three/src/core/GLBufferAttribute.d.ts
C:/Users/Zak/Downloads/Highlights/bloomberg-terminal/node_modules/@types/three/src/core/BufferGeometry.d.ts
C:/Users/Zak/Downloads/Highlights/bloomberg-terminal/node_modules/@types/three/src/objects/Group.d.ts
C:/Users/Zak/Downloads/Highlights/bloomberg-terminal/node_modules/@types/three/src/textures/DepthTexture.d.ts
C:/Users/Zak/Downloads/Highlights/bloomberg-terminal/node_modules/@types/three/src/core/RenderTarget.d.ts
C:/Users/Zak/Downloads/Highlights/bloomberg-terminal/node_modules/@types/three/src/textures/CompressedTexture.d.ts
C:/Users/Zak/Downloads/Highlights/bloomberg-terminal/node_modules/@types/three/src/textures/CubeTexture.d.ts
C:/Users/Zak/Downloads/Highlights/bloomberg-terminal/node_modules/@types/three/src/textures/Source.d.ts
C:/Users/Zak/Downloads/Highlights/bloomberg-terminal/node_modules/@types/three/src/textures/Texture.d.ts
C:/Users/Zak/Downloads/Highlights/bloomberg-terminal/node_modules/@types/three/src/materials/LineBasicMaterial.d.ts
C:/Users/Zak/Downloads/Highlights/bloomberg-terminal/node_modules/@types/three/src/materials/LineDashedMaterial.d.ts
C:/Users/Zak/Downloads/Highlights/bloomberg-terminal/node_modules/@types/three/src/materials/MeshBasicMaterial.d.ts
C:/Users/Zak/Downloads/Highlights/bloomberg-terminal/node_modules/@types/three/src/materials/MeshDepthMaterial.d.ts
C:/Users/Zak/Downloads/Highlights/bloomberg-terminal/node_modules/@types/three/src/materials/MeshDistanceMaterial.d.ts
C:/Users/Zak/Downloads/Highlights/bloomberg-terminal/node_modules/@types/three/src/materials/MeshLambertMaterial.d.ts
C:/Users/Zak/Downloads/Highlights/bloomberg-terminal/node_modules/@types/three/src/materials/MeshMatcapMaterial.d.ts
C:/Users/Zak/Downloads/Highlights/bloomberg-terminal/node_modules/@types/three/src/materials/MeshNormalMaterial.d.ts
C:/Users/Zak/Downloads/Highlights/bloomberg-terminal/node_modules/@types/three/src/materials/MeshPhongMaterial.d.ts
C:/Users/Zak/Downloads/Highlights/bloomberg-terminal/node_modules/@types/three/src/materials/MeshStandardMaterial.d.ts
C:/Users/Zak/Downloads/Highlights/bloomberg-terminal/node_modules/@types/three/src/materials/MeshPhysicalMaterial.d.ts
C:/Users/Zak/Downloads/Highlights/bloomberg-terminal/node_modules/@types/three/src/materials/MeshToonMaterial.d.ts
C:/Users/Zak/Downloads/Highlights/bloomberg-terminal/node_modules/@types/three/src/materials/PointsMaterial.d.ts
C:/Users/Zak/Downloads/Highlights/bloomberg-terminal/node_modules/@types/three/src/core/Uniform.d.ts
C:/Users/Zak/Downloads/Highlights/bloomberg-terminal/node_modules/@types/three/src/core/UniformsGroup.d.ts
C:/Users/Zak/Downloads/Highlights/bloomberg-terminal/node_modules/@types/three/src/renderers/shaders/UniformsLib.d.ts
C:/Users/Zak/Downloads/Highlights/bloomberg-terminal/node_modules/@types/three/src/materials/ShaderMaterial.d.ts
C:/Users/Zak/Downloads/Highlights/bloomberg-terminal/node_modules/@types/three/src/materials/RawShaderMaterial.d.ts
C:/Users/Zak/Downloads/Highlights/bloomberg-terminal/node_modules/@types/three/src/materials/ShadowMaterial.d.ts
C:/Users/Zak/Downloads/Highlights/bloomberg-terminal/node_modules/@types/three/src/materials/SpriteMaterial.d.ts
C:/Users/Zak/Downloads/Highlights/bloomberg-terminal/node_modules/@types/three/src/materials/Materials.d.ts
C:/Users/Zak/Downloads/Highlights/bloomberg-terminal/node_modules/@types/three/src/objects/Sprite.d.ts
C:/Users/Zak/Downloads/Highlights/bloomberg-terminal/node_modules/@types/three/src/math/Frustum.d.ts
C:/Users/Zak/Downloads/Highlights/bloomberg-terminal/node_modules/@types/three/src/renderers/WebGLRenderTarget.d.ts
C:/Users/Zak/Downloads/Highlights/bloomberg-terminal/node_modules/@types/three/src/lights/LightShadow.d.ts
C:/Users/Zak/Downloads/Highlights/bloomberg-terminal/node_modules/@types/three/src/lights/Light.d.ts
C:/Users/Zak/Downloads/Highlights/bloomberg-terminal/node_modules/@types/three/src/scenes/Fog.d.ts
C:/Users/Zak/Downloads/Highlights/bloomberg-terminal/node_modules/@types/three/src/scenes/FogExp2.d.ts
C:/Users/Zak/Downloads/Highlights/bloomberg-terminal/node_modules/@types/three/src/scenes/Scene.d.ts
C:/Users/Zak/Downloads/Highlights/bloomberg-terminal/node_modules/@types/three/src/math/Box2.d.ts
C:/Users/Zak/Downloads/Highlights/bloomberg-terminal/node_modules/@types/three/src/textures/DataTexture.d.ts
C:/Users/Zak/Downloads/Highlights/bloomberg-terminal/node_modules/@types/three/src/textures/Data3DTexture.d.ts
C:/Users/Zak/Downloads/Highlights/bloomberg-terminal/node_modules/@types/three/src/textures/DataArrayTexture.d.ts
C:/Users/Zak/Downloads/Highlights/bloomberg-terminal/node_modules/@types/three/src/renderers/webgl/WebGLCapabilities.d.ts
C:/Users/Zak/Downloads/Highlights/bloomberg-terminal/node_modules/@types/three/src/renderers/webgl/WebGLExtensions.d.ts
C:/Users/Zak/Downloads/Highlights/bloomberg-terminal/node_modules/@types/three/src/renderers/webgl/WebGLProperties.d.ts
C:/Users/Zak/Downloads/Highlights/bloomberg-terminal/node_modules/@types/three/src/renderers/webgl/WebGLState.d.ts
C:/Users/Zak/Downloads/Highlights/bloomberg-terminal/node_modules/@types/three/src/renderers/webgl/WebGLUtils.d.ts
C:/Users/Zak/Downloads/Highlights/bloomberg-terminal/node_modules/@types/three/src/renderers/webgl/WebGLTextures.d.ts
C:/Users/Zak/Downloads/Highlights/bloomberg-terminal/node_modules/@types/three/src/renderers/webgl/WebGLUniforms.d.ts
C:/Users/Zak/Downloads/Highlights/bloomberg-terminal/node_modules/@types/three/src/renderers/webgl/WebGLProgram.d.ts
C:/Users/Zak/Downloads/Highlights/bloomberg-terminal/node_modules/@types/three/src/renderers/webgl/WebGLInfo.d.ts
C:/Users/Zak/Downloads/Highlights/bloomberg-terminal/node_modules/@types/three/src/renderers/webgl/WebGLRenderLists.d.ts
C:/Users/Zak/Downloads/Highlights/bloomberg-terminal/node_modules/@types/three/src/renderers/webgl/WebGLObjects.d.ts
C:/Users/Zak/Downloads/Highlights/bloomberg-terminal/node_modules/@types/three/src/renderers/webgl/WebGLShadowMap.d.ts
C:/Users/Zak/Downloads/Highlights/bloomberg-terminal/node_modules/@types/webxr/index.d.ts
C:/Users/Zak/Downloads/Highlights/bloomberg-terminal/node_modules/@types/three/src/cameras/PerspectiveCamera.d.ts
C:/Users/Zak/Downloads/Highlights/bloomberg-terminal/node_modules/@types/three/src/cameras/ArrayCamera.d.ts
C:/Users/Zak/Downloads/Highlights/bloomberg-terminal/node_modules/@types/three/src/objects/Mesh.d.ts
C:/Users/Zak/Downloads/Highlights/bloomberg-terminal/node_modules/@types/three/src/textures/ExternalTexture.d.ts
C:/Users/Zak/Downloads/Highlights/bloomberg-terminal/node_modules/@types/three/src/renderers/webxr/WebXRController.d.ts
C:/Users/Zak/Downloads/Highlights/bloomberg-terminal/node_modules/@types/three/src/renderers/webxr/WebXRManager.d.ts
C:/Users/Zak/Downloads/Highlights/bloomberg-terminal/node_modules/@types/three/src/renderers/WebGLRenderer.d.ts
C:/Users/Zak/Downloads/Highlights/bloomberg-terminal/node_modules/@types/three/src/renderers/webgl/WebGLAttributes.d.ts
C:/Users/Zak/Downloads/Highlights/bloomberg-terminal/node_modules/@types/three/src/renderers/webgl/WebGLBindingStates.d.ts
C:/Users/Zak/Downloads/Highlights/bloomberg-terminal/node_modules/@types/three/src/renderers/webgl/WebGLClipping.d.ts
C:/Users/Zak/Downloads/Highlights/bloomberg-terminal/node_modules/@types/three/src/renderers/webgl/WebGLCubeMaps.d.ts
C:/Users/Zak/Downloads/Highlights/bloomberg-terminal/node_modules/@types/three/src/renderers/webgl/WebGLLights.d.ts
C:/Users/Zak/Downloads/Highlights/bloomberg-terminal/node_modules/@types/three/src/renderers/webgl/WebGLPrograms.d.ts
C:/Users/Zak/Downloads/Highlights/bloomberg-terminal/node_modules/@types/three/src/materials/Material.d.ts
C:/Users/Zak/Downloads/Highlights/bloomberg-terminal/node_modules/@types/three/src/objects/Skeleton.d.ts
C:/Users/Zak/Downloads/Highlights/bloomberg-terminal/node_modules/@types/three/src/math/Ray.d.ts
C:/Users/Zak/Downloads/Highlights/bloomberg-terminal/node_modules/@types/three/src/core/Raycaster.d.ts
C:/Users/Zak/Downloads/Highlights/bloomberg-terminal/node_modules/@types/three/src/core/Object3D.d.ts
C:/Users/Zak/Downloads/Highlights/bloomberg-terminal/node_modules/@types/three/src/animation/AnimationObjectGroup.d.ts
C:/Users/Zak/Downloads/Highlights/bloomberg-terminal/node_modules/@types/three/src/animation/AnimationMixer.d.ts
C:/Users/Zak/Downloads/Highlights/bloomberg-terminal/node_modules/@types/three/src/animation/AnimationAction.d.ts
C:/Users/Zak/Downloads/Highlights/bloomberg-terminal/node_modules/@types/three/src/animation/AnimationUtils.d.ts
C:/Users/Zak/Downloads/Highlights/bloomberg-terminal/node_modules/@types/three/src/animation/PropertyBinding.d.ts
C:/Users/Zak/Downloads/Highlights/bloomberg-terminal/node_modules/@types/three/src/animation/PropertyMixer.d.ts
C:/Users/Zak/Downloads/Highlights/bloomberg-terminal/node_modules/@types/three/src/animation/tracks/BooleanKeyframeTrack.d.ts
C:/Users/Zak/Downloads/Highlights/bloomberg-terminal/node_modules/@types/three/src/animation/tracks/ColorKeyframeTrack.d.ts
C:/Users/Zak/Downloads/Highlights/bloomberg-terminal/node_modules/@types/three/src/animation/tracks/NumberKeyframeTrack.d.ts
C:/Users/Zak/Downloads/Highlights/bloomberg-terminal/node_modules/@types/three/src/animation/tracks/QuaternionKeyframeTrack.d.ts
C:/Users/Zak/Downloads/Highlights/bloomberg-terminal/node_modules/@types/three/src/animation/tracks/StringKeyframeTrack.d.ts
C:/Users/Zak/Downloads/Highlights/bloomberg-terminal/node_modules/@types/three/src/animation/tracks/VectorKeyframeTrack.d.ts
C:/Users/Zak/Downloads/Highlights/bloomberg-terminal/node_modules/@types/three/src/audio/AudioContext.d.ts
C:/Users/Zak/Downloads/Highlights/bloomberg-terminal/node_modules/@types/three/src/audio/AudioListener.d.ts
C:/Users/Zak/Downloads/Highlights/bloomberg-terminal/node_modules/@types/three/src/audio/Audio.d.ts
C:/Users/Zak/Downloads/Highlights/bloomberg-terminal/node_modules/@types/three/src/audio/AudioAnalyser.d.ts
C:/Users/Zak/Downloads/Highlights/bloomberg-terminal/node_modules/@types/three/src/audio/PositionalAudio.d.ts
C:/Users/Zak/Downloads/Highlights/bloomberg-terminal/node_modules/@types/three/src/renderers/WebGLCubeRenderTarget.d.ts
C:/Users/Zak/Downloads/Highlights/bloomberg-terminal/node_modules/@types/three/src/cameras/CubeCamera.d.ts
C:/Users/Zak/Downloads/Highlights/bloomberg-terminal/node_modules/@types/three/src/cameras/OrthographicCamera.d.ts
C:/Users/Zak/Downloads/Highlights/bloomberg-terminal/node_modules/@types/three/src/cameras/StereoCamera.d.ts
C:/Users/Zak/Downloads/Highlights/bloomberg-terminal/node_modules/@types/three/src/core/Clock.d.ts
C:/Users/Zak/Downloads/Highlights/bloomberg-terminal/node_modules/@types/three/src/core/InstancedBufferAttribute.d.ts
C:/Users/Zak/Downloads/Highlights/bloomberg-terminal/node_modules/@types/three/src/core/InstancedBufferGeometry.d.ts
C:/Users/Zak/Downloads/Highlights/bloomberg-terminal/node_modules/@types/three/src/core/InstancedInterleavedBuffer.d.ts
C:/Users/Zak/Downloads/Highlights/bloomberg-terminal/node_modules/@types/three/src/core/RenderTarget3D.d.ts
C:/Users/Zak/Downloads/Highlights/bloomberg-terminal/node_modules/@types/three/src/core/Timer.d.ts
C:/Users/Zak/Downloads/Highlights/bloomberg-terminal/node_modules/@types/three/src/extras/Controls.d.ts
C:/Users/Zak/Downloads/Highlights/bloomberg-terminal/node_modules/@types/three/src/extras/core/ShapePath.d.ts
C:/Users/Zak/Downloads/Highlights/bloomberg-terminal/node_modules/@types/three/src/extras/curves/EllipseCurve.d.ts
C:/Users/Zak/Downloads/Highlights/bloomberg-terminal/node_modules/@types/three/src/extras/curves/ArcCurve.d.ts
C:/Users/Zak/Downloads/Highlights/bloomberg-terminal/node_modules/@types/three/src/extras/curves/CatmullRomCurve3.d.ts
C:/Users/Zak/Downloads/Highlights/bloomberg-terminal/node_modules/@types/three/src/extras/curves/CubicBezierCurve.d.ts
C:/Users/Zak/Downloads/Highlights/bloomberg-terminal/node_modules/@types/three/src/extras/curves/CubicBezierCurve3.d.ts
C:/Users/Zak/Downloads/Highlights/bloomberg-terminal/node_modules/@types/three/src/extras/curves/LineCurve.d.ts
C:/Users/Zak/Downloads/Highlights/bloomberg-terminal/node_modules/@types/three/src/extras/curves/LineCurve3.d.ts
C:/Users/Zak/Downloads/Highlights/bloomberg-terminal/node_modules/@types/three/src/extras/curves/QuadraticBezierCurve.d.ts
C:/Users/Zak/Downloads/Highlights/bloomberg-terminal/node_modules/@types/three/src/extras/curves/QuadraticBezierCurve3.d.ts
C:/Users/Zak/Downloads/Highlights/bloomberg-terminal/node_modules/@types/three/src/extras/curves/SplineCurve.d.ts
C:/Users/Zak/Downloads/Highlights/bloomberg-terminal/node_modules/@types/three/src/extras/curves/Curves.d.ts
C:/Users/Zak/Downloads/Highlights/bloomberg-terminal/node_modules/@types/three/src/extras/DataUtils.d.ts
C:/Users/Zak/Downloads/Highlights/bloomberg-terminal/node_modules/@types/three/src/extras/ImageUtils.d.ts
C:/Users/Zak/Downloads/Highlights/bloomberg-terminal/node_modules/@types/three/src/extras/ShapeUtils.d.ts
C:/Users/Zak/Downloads/Highlights/bloomberg-terminal/node_modules/@types/three/src/extras/TextureUtils.d.ts
C:/Users/Zak/Downloads/Highlights/bloomberg-terminal/node_modules/@types/three/src/geometries/BoxGeometry.d.ts
C:/Users/Zak/Downloads/Highlights/bloomberg-terminal/node_modules/@types/three/src/geometries/CapsuleGeometry.d.ts
C:/Users/Zak/Downloads/Highlights/bloomberg-terminal/node_modules/@types/three/src/geometries/CircleGeometry.d.ts
C:/Users/Zak/Downloads/Highlights/bloomberg-terminal/node_modules/@types/three/src/geometries/CylinderGeometry.d.ts
C:/Users/Zak/Downloads/Highlights/bloomberg-terminal/node_modules/@types/three/src/geometries/ConeGeometry.d.ts
C:/Users/Zak/Downloads/Highlights/bloomberg-terminal/node_modules/@types/three/src/geometries/PolyhedronGeometry.d.ts
C:/Users/Zak/Downloads/Highlights/bloomberg-terminal/node_modules/@types/three/src/geometries/DodecahedronGeometry.d.ts
C:/Users/Zak/Downloads/Highlights/bloomberg-terminal/node_modules/@types/three/src/geometries/EdgesGeometry.d.ts
C:/Users/Zak/Downloads/Highlights/bloomberg-terminal/node_modules/@types/three/src/geometries/ExtrudeGeometry.d.ts
C:/Users/Zak/Downloads/Highlights/bloomberg-terminal/node_modules/@types/three/src/geometries/IcosahedronGeometry.d.ts
C:/Users/Zak/Downloads/Highlights/bloomberg-terminal/node_modules/@types/three/src/geometries/LatheGeometry.d.ts
C:/Users/Zak/Downloads/Highlights/bloomberg-terminal/node_modules/@types/three/src/geometries/OctahedronGeometry.d.ts
C:/Users/Zak/Downloads/Highlights/bloomberg-terminal/node_modules/@types/three/src/geometries/PlaneGeometry.d.ts
C:/Users/Zak/Downloads/Highlights/bloomberg-terminal/node_modules/@types/three/src/geometries/RingGeometry.d.ts
C:/Users/Zak/Downloads/Highlights/bloomberg-terminal/node_modules/@types/three/src/geometries/ShapeGeometry.d.ts
C:/Users/Zak/Downloads/Highlights/bloomberg-terminal/node_modules/@types/three/src/geometries/SphereGeometry.d.ts
C:/Users/Zak/Downloads/Highlights/bloomberg-terminal/node_modules/@types/three/src/geometries/TetrahedronGeometry.d.ts
C:/Users/Zak/Downloads/Highlights/bloomberg-terminal/node_modules/@types/three/src/geometries/TorusGeometry.d.ts
C:/Users/Zak/Downloads/Highlights/bloomberg-terminal/node_modules/@types/three/src/geometries/TorusKnotGeometry.d.ts
C:/Users/Zak/Downloads/Highlights/bloomberg-terminal/node_modules/@types/three/src/geometries/TubeGeometry.d.ts
C:/Users/Zak/Downloads/Highlights/bloomberg-terminal/node_modules/@types/three/src/geometries/WireframeGeometry.d.ts
C:/Users/Zak/Downloads/Highlights/bloomberg-terminal/node_modules/@types/three/src/geometries/Geometries.d.ts
C:/Users/Zak/Downloads/Highlights/bloomberg-terminal/node_modules/@types/three/src/objects/Line.d.ts
C:/Users/Zak/Downloads/Highlights/bloomberg-terminal/node_modules/@types/three/src/helpers/ArrowHelper.d.ts
C:/Users/Zak/Downloads/Highlights/bloomberg-terminal/node_modules/@types/three/src/objects/LineSegments.d.ts
C:/Users/Zak/Downloads/Highlights/bloomberg-terminal/node_modules/@types/three/src/helpers/AxesHelper.d.ts
C:/Users/Zak/Downloads/Highlights/bloomberg-terminal/node_modules/@types/three/src/helpers/Box3Helper.d.ts
C:/Users/Zak/Downloads/Highlights/bloomberg-terminal/node_modules/@types/three/src/helpers/BoxHelper.d.ts
C:/Users/Zak/Downloads/Highlights/bloomberg-terminal/node_modules/@types/three/src/helpers/CameraHelper.d.ts
C:/Users/Zak/Downloads/Highlights/bloomberg-terminal/node_modules/@types/three/src/lights/DirectionalLightShadow.d.ts
C:/Users/Zak/Downloads/Highlights/bloomberg-terminal/node_modules/@types/three/src/lights/DirectionalLight.d.ts
C:/Users/Zak/Downloads/Highlights/bloomberg-terminal/node_modules/@types/three/src/helpers/DirectionalLightHelper.d.ts
C:/Users/Zak/Downloads/Highlights/bloomberg-terminal/node_modules/@types/three/src/helpers/GridHelper.d.ts
C:/Users/Zak/Downloads/Highlights/bloomberg-terminal/node_modules/@types/three/src/lights/HemisphereLight.d.ts
C:/Users/Zak/Downloads/Highlights/bloomberg-terminal/node_modules/@types/three/src/helpers/HemisphereLightHelper.d.ts
C:/Users/Zak/Downloads/Highlights/bloomberg-terminal/node_modules/@types/three/src/helpers/PlaneHelper.d.ts
C:/Users/Zak/Downloads/Highlights/bloomberg-terminal/node_modules/@types/three/src/lights/PointLightShadow.d.ts
C:/Users/Zak/Downloads/Highlights/bloomberg-terminal/node_modules/@types/three/src/lights/PointLight.d.ts
C:/Users/Zak/Downloads/Highlights/bloomberg-terminal/node_modules/@types/three/src/helpers/PointLightHelper.d.ts
C:/Users/Zak/Downloads/Highlights/bloomberg-terminal/node_modules/@types/three/src/helpers/PolarGridHelper.d.ts
C:/Users/Zak/Downloads/Highlights/bloomberg-terminal/node_modules/@types/three/src/objects/SkinnedMesh.d.ts
C:/Users/Zak/Downloads/Highlights/bloomberg-terminal/node_modules/@types/three/src/helpers/SkeletonHelper.d.ts
C:/Users/Zak/Downloads/Highlights/bloomberg-terminal/node_modules/@types/three/src/helpers/SpotLightHelper.d.ts
C:/Users/Zak/Downloads/Highlights/bloomberg-terminal/node_modules/@types/three/src/lights/AmbientLight.d.ts
C:/Users/Zak/Downloads/Highlights/bloomberg-terminal/node_modules/@types/three/src/math/SphericalHarmonics3.d.ts
C:/Users/Zak/Downloads/Highlights/bloomberg-terminal/node_modules/@types/three/src/lights/LightProbe.d.ts
C:/Users/Zak/Downloads/Highlights/bloomberg-terminal/node_modules/@types/three/src/lights/RectAreaLight.d.ts
C:/Users/Zak/Downloads/Highlights/bloomberg-terminal/node_modules/@types/three/src/lights/SpotLightShadow.d.ts
C:/Users/Zak/Downloads/Highlights/bloomberg-terminal/node_modules/@types/three/src/lights/SpotLight.d.ts
C:/Users/Zak/Downloads/Highlights/bloomberg-terminal/node_modules/@types/three/src/loaders/LoadingManager.d.ts
C:/Users/Zak/Downloads/Highlights/bloomberg-terminal/node_modules/@types/three/src/loaders/Loader.d.ts
C:/Users/Zak/Downloads/Highlights/bloomberg-terminal/node_modules/@types/three/src/loaders/AnimationLoader.d.ts
C:/Users/Zak/Downloads/Highlights/bloomberg-terminal/node_modules/@types/three/src/loaders/AudioLoader.d.ts
C:/Users/Zak/Downloads/Highlights/bloomberg-terminal/node_modules/@types/three/src/loaders/BufferGeometryLoader.d.ts
C:/Users/Zak/Downloads/Highlights/bloomberg-terminal/node_modules/@types/three/src/loaders/Cache.d.ts
C:/Users/Zak/Downloads/Highlights/bloomberg-terminal/node_modules/@types/three/src/loaders/CompressedTextureLoader.d.ts
C:/Users/Zak/Downloads/Highlights/bloomberg-terminal/node_modules/@types/three/src/loaders/CubeTextureLoader.d.ts
C:/Users/Zak/Downloads/Highlights/bloomberg-terminal/node_modules/@types/three/src/loaders/DataTextureLoader.d.ts
C:/Users/Zak/Downloads/Highlights/bloomberg-terminal/node_modules/@types/three/src/loaders/FileLoader.d.ts
C:/Users/Zak/Downloads/Highlights/bloomberg-terminal/node_modules/@types/three/src/loaders/ImageBitmapLoader.d.ts
C:/Users/Zak/Downloads/Highlights/bloomberg-terminal/node_modules/@types/three/src/loaders/ImageLoader.d.ts
C:/Users/Zak/Downloads/Highlights/bloomberg-terminal/node_modules/@types/three/src/loaders/LoaderUtils.d.ts
C:/Users/Zak/Downloads/Highlights/bloomberg-terminal/node_modules/@types/three/src/loaders/MaterialLoader.d.ts
C:/Users/Zak/Downloads/Highlights/bloomberg-terminal/node_modules/@types/three/src/loaders/ObjectLoader.d.ts
C:/Users/Zak/Downloads/Highlights/bloomberg-terminal/node_modules/@types/three/src/loaders/TextureLoader.d.ts
C:/Users/Zak/Downloads/Highlights/bloomberg-terminal/node_modules/@types/three/src/math/FrustumArray.d.ts
C:/Users/Zak/Downloads/Highlights/bloomberg-terminal/node_modules/@types/three/src/math/interpolants/QuaternionLinearInterpolant.d.ts
C:/Users/Zak/Downloads/Highlights/bloomberg-terminal/node_modules/@types/three/src/math/MathUtils.d.ts
C:/Users/Zak/Downloads/Highlights/bloomberg-terminal/node_modules/@types/three/src/math/Matrix2.d.ts
C:/Users/Zak/Downloads/Highlights/bloomberg-terminal/node_modules/@types/three/src/objects/BatchedMesh.d.ts
C:/Users/Zak/Downloads/Highlights/bloomberg-terminal/node_modules/@types/three/src/objects/InstancedMesh.d.ts
C:/Users/Zak/Downloads/Highlights/bloomberg-terminal/node_modules/@types/three/src/objects/LineLoop.d.ts
C:/Users/Zak/Downloads/Highlights/bloomberg-terminal/node_modules/@types/three/src/objects/LOD.d.ts
C:/Users/Zak/Downloads/Highlights/bloomberg-terminal/node_modules/@types/three/src/objects/Points.d.ts
C:/Users/Zak/Downloads/Highlights/bloomberg-terminal/node_modules/@types/three/src/renderers/WebGL3DRenderTarget.d.ts
C:/Users/Zak/Downloads/Highlights/bloomberg-terminal/node_modules/@types/three/src/renderers/WebGLArrayRenderTarget.d.ts
C:/Users/Zak/Downloads/Highlights/bloomberg-terminal/node_modules/@types/three/src/textures/CanvasTexture.d.ts
C:/Users/Zak/Downloads/Highlights/bloomberg-terminal/node_modules/@types/three/src/textures/CompressedArrayTexture.d.ts
C:/Users/Zak/Downloads/Highlights/bloomberg-terminal/node_modules/@types/three/src/textures/CompressedCubeTexture.d.ts
C:/Users/Zak/Downloads/Highlights/bloomberg-terminal/node_modules/@types/three/src/textures/FramebufferTexture.d.ts
C:/Users/Zak/Downloads/Highlights/bloomberg-terminal/node_modules/@types/three/src/textures/VideoTexture.d.ts
C:/Users/Zak/Downloads/Highlights/bloomberg-terminal/node_modules/@types/three/src/textures/VideoFrameTexture.d.ts
C:/Users/Zak/Downloads/Highlights/bloomberg-terminal/node_modules/@types/three/src/utils.d.ts
C:/Users/Zak/Downloads/Highlights/bloomberg-terminal/node_modules/@types/three/src/Three.Core.d.ts
C:/Users/Zak/Downloads/Highlights/bloomberg-terminal/node_modules/@types/three/src/extras/PMREMGenerator.d.ts
C:/Users/Zak/Downloads/Highlights/bloomberg-terminal/node_modules/@types/three/src/renderers/shaders/ShaderChunk.d.ts
C:/Users/Zak/Downloads/Highlights/bloomberg-terminal/node_modules/@types/three/src/renderers/shaders/ShaderLib.d.ts
C:/Users/Zak/Downloads/Highlights/bloomberg-terminal/node_modules/@types/three/src/renderers/shaders/UniformsUtils.d.ts
C:/Users/Zak/Downloads/Highlights/bloomberg-terminal/node_modules/@types/three/src/renderers/webgl/WebGLBufferRenderer.d.ts
C:/Users/Zak/Downloads/Highlights/bloomberg-terminal/node_modules/@types/three/src/renderers/webgl/WebGLCubeUVMaps.d.ts
C:/Users/Zak/Downloads/Highlights/bloomberg-terminal/node_modules/@types/three/src/renderers/webgl/WebGLGeometries.d.ts
C:/Users/Zak/Downloads/Highlights/bloomberg-terminal/node_modules/@types/three/src/renderers/webgl/WebGLIndexedBufferRenderer.d.ts
C:/Users/Zak/Downloads/Highlights/bloomberg-terminal/node_modules/@types/three/src/renderers/webgl/WebGLShader.d.ts
C:/Users/Zak/Downloads/Highlights/bloomberg-terminal/node_modules/@types/three/src/renderers/webxr/WebXRDepthSensing.d.ts
C:/Users/Zak/Downloads/Highlights/bloomberg-terminal/node_modules/@types/three/src/Three.d.ts
C:/Users/Zak/Downloads/Highlights/bloomberg-terminal/node_modules/@types/three/index.d.ts
C:/Users/Zak/Downloads/Highlights/bloomberg-terminal/node_modules/@types/treeify/index.d.ts
C:/Users/Zak/Downloads/Highlights/bloomberg-terminal/node_modules/@types/triple-beam/index.d.ts
C:/Users/Zak/Downloads/Highlights/bloomberg-terminal/node_modules/@types/use-sync-external-store/index.d.ts
C:/Users/Zak/Downloads/Highlights/bloomberg-terminal/node_modules/@types/uuid/index.d.ts
C:/Users/Zak/Downloads/Highlights/bloomberg-terminal/node_modules/@types/ws/index.d.ts
C:/Users/Zak/Downloads/Highlights/bloomberg-terminal/node_modules/@types/yargs-parser/index.d.ts
C:/Users/Zak/Downloads/Highlights/bloomberg-terminal/node_modules/@types/yargs/index.d.ts
C:/Users/Zak/Downloads/Highlights/bloomberg-terminal/node_modules/@types/yauzl/index.d.ts
C:/Users/Zak/Downloads/Highlights/bloomberg-terminal/node_modules/@types/yup/index.d.ts

Found 1 error in src/components/trading/TradingViewChart.tsx[90m:4044[0m

